Component: ARM Compiler 5.06 update 4 (build 422) Tool: armlink [4d35d2]

==============================================================================

Section Cross References

    nixie.o(i.MRT_IRQHandler) refers to driver.o(i.roll_numbers) for roll_numbers
    nixie.o(i.MRT_IRQHandler) refers to driver.o(i.to_BCD) for to_BCD
    nixie.o(i.MRT_IRQHandler) refers to driver.o(i.year_to_number) for year_to_number
    nixie.o(i.MRT_IRQHandler) refers to driver.o(i.setupMRT) for setupMRT
    nixie.o(i.MRT_IRQHandler) refers to nixie.o(i.Chip_GPIO_SetPinOutLow) for Chip_GPIO_SetPinOutLow
    nixie.o(i.MRT_IRQHandler) refers to nixie.o(i.__ARM_common_switch8) for __ARM_common_switch8
    nixie.o(i.MRT_IRQHandler) refers to driver.o(i.set_number) for set_number
    nixie.o(i.MRT_IRQHandler) refers to nixie.o(i.Chip_GPIO_SetPinOutHigh) for Chip_GPIO_SetPinOutHigh
    nixie.o(i.MRT_IRQHandler) refers to driver.o(i.time_inc_dec) for time_inc_dec
    nixie.o(i.MRT_IRQHandler) refers to nixie.o(i.Chip_MRT_GetRegPtr) for Chip_MRT_GetRegPtr
    nixie.o(i.MRT_IRQHandler) refers to aeabi_sdiv.o(.text) for __aeabi_uidivmod
    nixie.o(i.MRT_IRQHandler) refers to clock_8xx.o(i.Chip_Clock_GetSystemClockRate) for Chip_Clock_GetSystemClockRate
    nixie.o(i.MRT_IRQHandler) refers to nixie.o(i.Chip_MRT_SetInterval) for Chip_MRT_SetInterval
    nixie.o(i.MRT_IRQHandler) refers to nixie.o(.data) for set_mode
    nixie.o(i.MRT_IRQHandler) refers to nixie.o(.bss) for my_time
    nixie.o(i.PININT0_IRQHandler) refers to nixie.o(i.Chip_PININT_GetBitsliceConfig) for Chip_PININT_GetBitsliceConfig
    nixie.o(i.PININT0_IRQHandler) refers to pinint_8xx.o(i.Chip_PININT_SetPatternMatchConfig) for Chip_PININT_SetPatternMatchConfig
    nixie.o(i.PININT0_IRQHandler) refers to driver.o(i.time_inc_dec) for time_inc_dec
    nixie.o(i.PININT0_IRQHandler) refers to driver.o(i.setupMRT) for setupMRT
    nixie.o(i.PININT0_IRQHandler) refers to nixie.o(i.Chip_MRT_GetRegPtr) for Chip_MRT_GetRegPtr
    nixie.o(i.PININT0_IRQHandler) refers to nixie.o(i.Chip_MRT_SetInterval) for Chip_MRT_SetInterval
    nixie.o(i.PININT0_IRQHandler) refers to nixie.o(i.Chip_MRT_SetDisabled) for Chip_MRT_SetDisabled
    nixie.o(i.PININT0_IRQHandler) refers to nixie.o(.data) for set_value
    nixie.o(i.PININT0_IRQHandler) refers to nixie.o(.bss) for my_time
    nixie.o(i.PININT1_IRQHandler) refers to nixie.o(i.Chip_PININT_GetBitsliceConfig) for Chip_PININT_GetBitsliceConfig
    nixie.o(i.PININT1_IRQHandler) refers to pinint_8xx.o(i.Chip_PININT_SetPatternMatchConfig) for Chip_PININT_SetPatternMatchConfig
    nixie.o(i.PININT1_IRQHandler) refers to driver.o(i.time_inc_dec) for time_inc_dec
    nixie.o(i.PININT1_IRQHandler) refers to driver.o(i.setupMRT) for setupMRT
    nixie.o(i.PININT1_IRQHandler) refers to nixie.o(i.Chip_MRT_GetRegPtr) for Chip_MRT_GetRegPtr
    nixie.o(i.PININT1_IRQHandler) refers to nixie.o(i.Chip_MRT_SetInterval) for Chip_MRT_SetInterval
    nixie.o(i.PININT1_IRQHandler) refers to nixie.o(i.Chip_MRT_SetDisabled) for Chip_MRT_SetDisabled
    nixie.o(i.PININT1_IRQHandler) refers to nixie.o(.data) for set_value
    nixie.o(i.PININT1_IRQHandler) refers to nixie.o(.bss) for my_time
    nixie.o(i.PININT3_IRQHandler) refers to nixie.o(i.Chip_PININT_GetBitsliceConfig) for Chip_PININT_GetBitsliceConfig
    nixie.o(i.PININT3_IRQHandler) refers to pinint_8xx.o(i.Chip_PININT_SetPatternMatchConfig) for Chip_PININT_SetPatternMatchConfig
    nixie.o(i.PININT3_IRQHandler) refers to driver.o(i.setupMRT) for setupMRT
    nixie.o(i.PININT3_IRQHandler) refers to nixie.o(i.Chip_MRT_GetRegPtr) for Chip_MRT_GetRegPtr
    nixie.o(i.PININT3_IRQHandler) refers to nixie.o(i.Chip_MRT_SetInterval) for Chip_MRT_SetInterval
    nixie.o(i.PININT3_IRQHandler) refers to nixie.o(i.Chip_MRT_SetDisabled) for Chip_MRT_SetDisabled
    nixie.o(i.PININT3_IRQHandler) refers to nixie.o(i.NVIC_ClearPendingIRQ) for NVIC_ClearPendingIRQ
    nixie.o(i.PININT3_IRQHandler) refers to nixie.o(i.NVIC_EnableIRQ) for NVIC_EnableIRQ
    nixie.o(i.PININT3_IRQHandler) refers to nixie.o(i.NVIC_DisableIRQ) for NVIC_DisableIRQ
    nixie.o(i.PININT3_IRQHandler) refers to nixie.o(.data) for set_mode
    nixie.o(i.PININT3_IRQHandler) refers to nixie.o(.bss) for my_time
    nixie.o(i.SysTick_Handler) refers to driver.o(i.time_inc_dec) for time_inc_dec
    nixie.o(i.SysTick_Handler) refers to nixie.o(i.NVIC_DisableIRQ) for NVIC_DisableIRQ
    nixie.o(i.SysTick_Handler) refers to nixie.o(i.NVIC_ClearPendingIRQ) for NVIC_ClearPendingIRQ
    nixie.o(i.SysTick_Handler) refers to nixie.o(i.NVIC_EnableIRQ) for NVIC_EnableIRQ
    nixie.o(i.SysTick_Handler) refers to nixie.o(.data) for set_mode
    nixie.o(i.SysTick_Handler) refers to nixie.o(.bss) for my_time
    nixie.o(i.main) refers to system_lpc8xx.o(i.SystemInit) for SystemInit
    nixie.o(i.main) refers to nixie.o(i.Chip_Clock_EnablePeriphClock) for Chip_Clock_EnablePeriphClock
    nixie.o(i.main) refers to driver.o(i.board_init) for board_init
    nixie.o(i.main) refers to uart.o(i.UART_init) for UART_init
    nixie.o(i.main) refers to nixie.o(i.Chip_SYSCTL_SetPinInterrupt) for Chip_SYSCTL_SetPinInterrupt
    nixie.o(i.main) refers to pinint_8xx.o(i.Chip_PININT_SetPatternMatchSrc) for Chip_PININT_SetPatternMatchSrc
    nixie.o(i.main) refers to pinint_8xx.o(i.Chip_PININT_SetPatternMatchConfig) for Chip_PININT_SetPatternMatchConfig
    nixie.o(i.main) refers to nixie.o(i.NVIC_EnableIRQ) for NVIC_EnableIRQ
    nixie.o(i.main) refers to nixie.o(i.Chip_MRT_GetRegPtr) for Chip_MRT_GetRegPtr
    nixie.o(i.main) refers to nixie.o(i.Chip_MRT_SetDisabled) for Chip_MRT_SetDisabled
    nixie.o(i.main) refers to driver.o(i.setupMRT) for setupMRT
    nixie.o(i.main) refers to uart.o(i.UART_commands_exec) for UART_commands_exec
    nixie.o(i.main) refers to nixie.o(.bss) for my_time
    driver.o(i.SysTick_Config_half) refers to driver.o(i.NVIC_SetPriority) for NVIC_SetPriority
    driver.o(i.board_init) refers to swm_8xx.o(i.Chip_SWM_MovablePinAssign) for Chip_SWM_MovablePinAssign
    driver.o(i.board_init) refers to clock_8xx.o(i.Chip_Clock_SetIOCONCLKDIV) for Chip_Clock_SetIOCONCLKDIV
    driver.o(i.board_init) refers to iocon_8xx.o(i.Chip_IOCON_PinSetSampleMode) for Chip_IOCON_PinSetSampleMode
    driver.o(i.board_init) refers to iocon_8xx.o(i.Chip_IOCON_PinSetClockDivisor) for Chip_IOCON_PinSetClockDivisor
    driver.o(i.board_init) refers to driver.o(i.SysTick_Config_half) for SysTick_Config_half
    driver.o(i.roll_numbers) refers to driver.o(i.year_to_number) for year_to_number
    driver.o(i.roll_numbers) refers to driver.o(i.to_BCD) for to_BCD
    driver.o(i.roll_numbers) refers to driver.o(i.roll) for roll
    driver.o(i.roll_numbers) refers to driver.o(.data) for over_date
    driver.o(i.set_number) refers to driver.o(i.work_around_7442_4028) for work_around_7442_4028
    driver.o(i.set_number) refers to driver.o(i.Chip_GPIO_SetPinState) for Chip_GPIO_SetPinState
    driver.o(i.setupMRT) refers to clock_8xx.o(i.Chip_Clock_GetSystemClockRate) for Chip_Clock_GetSystemClockRate
    driver.o(i.setupMRT) refers to aeabi_sdiv.o(.text) for __aeabi_uidivmod
    driver.o(i.time_inc_dec) refers to nixie.o(i.__ARM_common_switch8) for __ARM_common_switch8
    driver.o(i.time_inc_dec) refers to driver.o(i.days_in_month) for days_in_month
    driver.o(i.to_BCD) refers to aeabi_sdiv.o(.text) for __aeabi_idivmod
    driver.o(i.work_around_7442_4028) refers to nixie.o(i.__ARM_common_switch8) for __ARM_common_switch8
    uart.o(i.UART0_IRQHandler) refers to uart_8xx.o(i.Chip_UART_IRQRBHandler) for Chip_UART_IRQRBHandler
    uart.o(i.UART0_IRQHandler) refers to uart.o(.bss) for txring
    uart.o(i.UART_commands_exec) refers to uart_8xx.o(i.Chip_UART_ReadRB) for Chip_UART_ReadRB
    uart.o(i.UART_commands_exec) refers to uart_8xx.o(i.Chip_UART_SendRB) for Chip_UART_SendRB
    uart.o(i.UART_commands_exec) refers to uart.o(.bss) for rxring
    uart.o(i.UART_init) refers to ring_buffer.o(i.RingBuffer_Init) for RingBuffer_Init
    uart.o(i.UART_init) refers to uart_8xx.o(i.Chip_UART_Init) for Chip_UART_Init
    uart.o(i.UART_init) refers to clock_8xx.o(i.Chip_Clock_SetUSARTNBaseClockRate) for Chip_Clock_SetUSARTNBaseClockRate
    uart.o(i.UART_init) refers to uart_8xx.o(i.Chip_UART_SetBaud) for Chip_UART_SetBaud
    uart.o(i.UART_init) refers to uart.o(.bss) for UART_data_RX
    startup_lpc8xx.o(STACK) refers (Special) to heapauxi.o(.text) for __use_two_region_memory
    startup_lpc8xx.o(HEAP) refers (Special) to heapauxi.o(.text) for __use_two_region_memory
    startup_lpc8xx.o(RESET) refers (Special) to heapauxi.o(.text) for __use_two_region_memory
    startup_lpc8xx.o(RESET) refers to startup_lpc8xx.o(STACK) for __initial_sp
    startup_lpc8xx.o(RESET) refers to startup_lpc8xx.o(.text) for Reset_Handler
    startup_lpc8xx.o(RESET) refers to nixie.o(i.SysTick_Handler) for SysTick_Handler
    startup_lpc8xx.o(RESET) refers to uart.o(i.UART0_IRQHandler) for UART0_IRQHandler
    startup_lpc8xx.o(RESET) refers to nixie.o(i.MRT_IRQHandler) for MRT_IRQHandler
    startup_lpc8xx.o(RESET) refers to nixie.o(i.PININT0_IRQHandler) for PININT0_IRQHandler
    startup_lpc8xx.o(RESET) refers to nixie.o(i.PININT1_IRQHandler) for PININT1_IRQHandler
    startup_lpc8xx.o(RESET) refers to nixie.o(i.PININT3_IRQHandler) for PININT3_IRQHandler
    startup_lpc8xx.o(.ARM.__at_0x02FC) refers (Special) to heapauxi.o(.text) for __use_two_region_memory
    startup_lpc8xx.o(.text) refers (Special) to heapauxi.o(.text) for __use_two_region_memory
    startup_lpc8xx.o(.text) refers to system_lpc8xx.o(i.SystemInit) for SystemInit
    startup_lpc8xx.o(.text) refers to __main.o(!!!main) for __main
    startup_lpc8xx.o(.text) refers to startup_lpc8xx.o(HEAP) for Heap_Mem
    startup_lpc8xx.o(.text) refers to startup_lpc8xx.o(STACK) for Stack_Mem
    system_lpc8xx.o(i.SystemCoreClockUpdate) refers to nixie.o(i.__ARM_common_switch8) for __ARM_common_switch8
    system_lpc8xx.o(i.SystemCoreClockUpdate) refers to aeabi_sdiv.o(.text) for __aeabi_uidivmod
    system_lpc8xx.o(i.SystemCoreClockUpdate) refers to system_lpc8xx.o(.data) for SystemCoreClock
    clock_8xx.o(i.Chip_Clock_GetIOCONCLKDIVClockRate) refers to clock_8xx.o(i.Chip_Clock_GetMainClockRate) for Chip_Clock_GetMainClockRate
    clock_8xx.o(i.Chip_Clock_GetIOCONCLKDIVClockRate) refers to aeabi_sdiv.o(.text) for __aeabi_uidivmod
    clock_8xx.o(i.Chip_Clock_GetMainClockRate) refers to clock_8xx.o(i.Chip_Clock_GetSystemPLLInClockRate) for Chip_Clock_GetSystemPLLInClockRate
    clock_8xx.o(i.Chip_Clock_GetMainClockRate) refers to clock_8xx.o(i.Chip_Clock_GetWDTOSCRate) for Chip_Clock_GetWDTOSCRate
    clock_8xx.o(i.Chip_Clock_GetMainClockRate) refers to clock_8xx.o(i.Chip_Clock_GetSystemPLLOutClockRate) for Chip_Clock_GetSystemPLLOutClockRate
    clock_8xx.o(i.Chip_Clock_GetSystemClockRate) refers to clock_8xx.o(i.Chip_Clock_GetMainClockRate) for Chip_Clock_GetMainClockRate
    clock_8xx.o(i.Chip_Clock_GetSystemClockRate) refers to aeabi_sdiv.o(.text) for __aeabi_uidivmod
    clock_8xx.o(i.Chip_Clock_GetSystemPLLInClockRate) refers to driver.o(.constdata) for OscRateIn
    clock_8xx.o(i.Chip_Clock_GetSystemPLLOutClockRate) refers to clock_8xx.o(i.Chip_Clock_GetSystemPLLInClockRate) for Chip_Clock_GetSystemPLLInClockRate
    clock_8xx.o(i.Chip_Clock_GetSystemPLLOutClockRate) refers to clock_8xx.o(i.Chip_Clock_GetPLLFreq) for Chip_Clock_GetPLLFreq
    clock_8xx.o(i.Chip_Clock_GetUSARTNBaseClockRate) refers to clock_8xx.o(i.Chip_Clock_GetMainClockRate) for Chip_Clock_GetMainClockRate
    clock_8xx.o(i.Chip_Clock_GetUSARTNBaseClockRate) refers to aeabi_sdiv.o(.text) for __aeabi_uidivmod
    clock_8xx.o(i.Chip_Clock_GetUSARTNBaseClockRate) refers to llmul.o(.text) for __aeabi_lmul
    clock_8xx.o(i.Chip_Clock_GetUSARTNBaseClockRate) refers to lludiv.o(.text) for __aeabi_uldivmod
    clock_8xx.o(i.Chip_Clock_GetWDTLFORate) refers to aeabi_sdiv.o(.text) for __aeabi_uidivmod
    clock_8xx.o(i.Chip_Clock_GetWDTLFORate) refers to clock_8xx.o(.constdata) for wdtOSCRate
    clock_8xx.o(i.Chip_Clock_GetWDTOSCRate) refers to clock_8xx.o(i.Chip_Clock_GetWDTLFORate) for Chip_Clock_GetWDTLFORate
    clock_8xx.o(i.Chip_Clock_SetUSARTNBaseClockRate) refers to clock_8xx.o(i.Chip_Clock_GetMainClockRate) for Chip_Clock_GetMainClockRate
    clock_8xx.o(i.Chip_Clock_SetUSARTNBaseClockRate) refers to aeabi_sdiv.o(.text) for __aeabi_uidivmod
    clock_8xx.o(i.Chip_Clock_SetUSARTNBaseClockRate) refers to clock_8xx.o(i.Chip_SYSCTL_SetUSARTFRGDivider) for Chip_SYSCTL_SetUSARTFRGDivider
    clock_8xx.o(i.Chip_Clock_SetUSARTNBaseClockRate) refers to clock_8xx.o(i.Chip_Clock_GetUSARTNBaseClockRate) for Chip_Clock_GetUSARTNBaseClockRate
    uart_8xx.o(i.Chip_UART_DeInit) refers to uart_8xx.o(i.getUARTClockID) for getUARTClockID
    uart_8xx.o(i.Chip_UART_IRQRBHandler) refers to uart_8xx.o(i.Chip_UART_GetStatus) for Chip_UART_GetStatus
    uart_8xx.o(i.Chip_UART_IRQRBHandler) refers to uart_8xx.o(i.Chip_UART_TXIntHandlerRB) for Chip_UART_TXIntHandlerRB
    uart_8xx.o(i.Chip_UART_IRQRBHandler) refers to uart_8xx.o(i.Chip_UART_IntDisable) for Chip_UART_IntDisable
    uart_8xx.o(i.Chip_UART_IRQRBHandler) refers to uart_8xx.o(i.Chip_UART_RXIntHandlerRB) for Chip_UART_RXIntHandlerRB
    uart_8xx.o(i.Chip_UART_Init) refers to uart_8xx.o(i.getUARTClockID) for getUARTClockID
    uart_8xx.o(i.Chip_UART_Init) refers to uart_8xx.o(i.Chip_SYSCTL_PeriphReset) for Chip_SYSCTL_PeriphReset
    uart_8xx.o(i.Chip_UART_RXIntHandlerRB) refers to ring_buffer.o(i.RingBuffer_Insert) for RingBuffer_Insert
    uart_8xx.o(i.Chip_UART_RXIntHandlerRB) refers to uart_8xx.o(i.Chip_UART_GetStatus) for Chip_UART_GetStatus
    uart_8xx.o(i.Chip_UART_Read) refers to uart_8xx.o(i.Chip_UART_GetStatus) for Chip_UART_GetStatus
    uart_8xx.o(i.Chip_UART_ReadBlocking) refers to uart_8xx.o(i.Chip_UART_Read) for Chip_UART_Read
    uart_8xx.o(i.Chip_UART_ReadRB) refers to ring_buffer.o(i.RingBuffer_PopMult) for RingBuffer_PopMult
    uart_8xx.o(i.Chip_UART_Send) refers to uart_8xx.o(i.Chip_UART_SendByte) for Chip_UART_SendByte
    uart_8xx.o(i.Chip_UART_Send) refers to uart_8xx.o(i.Chip_UART_GetStatus) for Chip_UART_GetStatus
    uart_8xx.o(i.Chip_UART_SendBlocking) refers to uart_8xx.o(i.Chip_UART_Send) for Chip_UART_Send
    uart_8xx.o(i.Chip_UART_SendRB) refers to uart_8xx.o(i.Chip_UART_IntDisable) for Chip_UART_IntDisable
    uart_8xx.o(i.Chip_UART_SendRB) refers to ring_buffer.o(i.RingBuffer_InsertMult) for RingBuffer_InsertMult
    uart_8xx.o(i.Chip_UART_SendRB) refers to uart_8xx.o(i.Chip_UART_TXIntHandlerRB) for Chip_UART_TXIntHandlerRB
    uart_8xx.o(i.Chip_UART_SetBaud) refers to clock_8xx.o(i.Chip_Clock_GetUSARTNBaseClockRate) for Chip_Clock_GetUSARTNBaseClockRate
    uart_8xx.o(i.Chip_UART_SetBaud) refers to aeabi_sdiv.o(.text) for __aeabi_uidivmod
    uart_8xx.o(i.Chip_UART_TXIntHandlerRB) refers to uart_8xx.o(i.Chip_UART_SendByte) for Chip_UART_SendByte
    uart_8xx.o(i.Chip_UART_TXIntHandlerRB) refers to uart_8xx.o(i.Chip_UART_GetStatus) for Chip_UART_GetStatus
    uart_8xx.o(i.Chip_UART_TXIntHandlerRB) refers to ring_buffer.o(i.RingBuffer_Pop) for RingBuffer_Pop
    ring_buffer.o(i.RingBuffer_Insert) refers to ring_buffer.o(i.RingBuffer_IsFull) for RingBuffer_IsFull
    ring_buffer.o(i.RingBuffer_Insert) refers to rt_memcpy.o(.text) for __aeabi_memcpy
    ring_buffer.o(i.RingBuffer_InsertMult) refers to ring_buffer.o(i.RingBuffer_IsFull) for RingBuffer_IsFull
    ring_buffer.o(i.RingBuffer_InsertMult) refers to ring_buffer.o(i.RingBuffer_GetCount) for RingBuffer_GetCount
    ring_buffer.o(i.RingBuffer_InsertMult) refers to rt_memcpy.o(.text) for __aeabi_memcpy
    ring_buffer.o(i.RingBuffer_IsFull) refers to ring_buffer.o(i.RingBuffer_GetCount) for RingBuffer_GetCount
    ring_buffer.o(i.RingBuffer_Pop) refers to ring_buffer.o(i.RingBuffer_IsEmpty) for RingBuffer_IsEmpty
    ring_buffer.o(i.RingBuffer_Pop) refers to rt_memcpy.o(.text) for __aeabi_memcpy
    ring_buffer.o(i.RingBuffer_PopMult) refers to ring_buffer.o(i.RingBuffer_IsEmpty) for RingBuffer_IsEmpty
    ring_buffer.o(i.RingBuffer_PopMult) refers to ring_buffer.o(i.RingBuffer_GetCount) for RingBuffer_GetCount
    ring_buffer.o(i.RingBuffer_PopMult) refers to rt_memcpy.o(.text) for __aeabi_memcpy
    rt_memcpy.o(.text) refers to rt_memcpy.o(.emb_text) for __aeabi_memcpy4
    __main.o(!!!main) refers to __rtentry.o(.ARM.Collect$$rtentry$$00000000) for __rt_entry
    __rtentry.o(.ARM.Collect$$rtentry$$00000000) refers (Special) to __rtentry2.o(.ARM.Collect$$rtentry$$0000000A) for __rt_entry_li
    __rtentry.o(.ARM.Collect$$rtentry$$00000000) refers (Special) to __rtentry2.o(.ARM.Collect$$rtentry$$0000000D) for __rt_entry_main
    __rtentry.o(.ARM.Collect$$rtentry$$00000000) refers (Special) to __rtentry2.o(.ARM.Collect$$rtentry$$0000000C) for __rt_entry_postli_1
    __rtentry.o(.ARM.Collect$$rtentry$$00000000) refers (Special) to __rtentry2.o(.ARM.Collect$$rtentry$$00000009) for __rt_entry_postsh_1
    __rtentry.o(.ARM.Collect$$rtentry$$00000000) refers (Special) to __rtentry2.o(.ARM.Collect$$rtentry$$00000002) for __rt_entry_presh_1
    __rtentry.o(.ARM.Collect$$rtentry$$00000000) refers (Special) to __rtentry4.o(.ARM.Collect$$rtentry$$00000004) for __rt_entry_sh
    aeabi_idiv0_sigfpe.o(.text) refers to rt_div0.o(.text) for __rt_div0
    aeabi_ldiv0_sigfpe.o(.text) refers to rt_div0.o(.text) for __rt_div0
    __rtentry2.o(.ARM.Collect$$rtentry$$00000008) refers to boardinit2.o(.text) for _platform_post_stackheap_init
    __rtentry2.o(.ARM.Collect$$rtentry$$0000000A) refers to libinit.o(.ARM.Collect$$libinit$$00000000) for __rt_lib_init
    __rtentry2.o(.ARM.Collect$$rtentry$$0000000B) refers to boardinit3.o(.text) for _platform_post_lib_init
    __rtentry2.o(.ARM.Collect$$rtentry$$0000000D) refers to nixie.o(i.main) for main
    __rtentry2.o(.ARM.Collect$$rtentry$$0000000D) refers to exit.o(.text) for exit
    __rtentry2.o(.ARM.exidx) refers to __rtentry2.o(.ARM.Collect$$rtentry$$00000001) for .ARM.Collect$$rtentry$$00000001
    __rtentry2.o(.ARM.exidx) refers to __rtentry2.o(.ARM.Collect$$rtentry$$00000008) for .ARM.Collect$$rtentry$$00000008
    __rtentry2.o(.ARM.exidx) refers to __rtentry2.o(.ARM.Collect$$rtentry$$0000000A) for .ARM.Collect$$rtentry$$0000000A
    __rtentry2.o(.ARM.exidx) refers to __rtentry2.o(.ARM.Collect$$rtentry$$0000000B) for .ARM.Collect$$rtentry$$0000000B
    __rtentry2.o(.ARM.exidx) refers to __rtentry2.o(.ARM.Collect$$rtentry$$0000000D) for .ARM.Collect$$rtentry$$0000000D
    __rtentry4.o(.ARM.Collect$$rtentry$$00000004) refers to sys_stackheap_outer.o(.text) for __user_setup_stackheap
    __rtentry4.o(.ARM.exidx) refers to __rtentry4.o(.ARM.Collect$$rtentry$$00000004) for .ARM.Collect$$rtentry$$00000004
    rt_div0.o(.text) refers to defsig_fpe_outer.o(.text) for __rt_SIGFPE
    sys_stackheap_outer.o(.text) refers to libspace.o(.text) for __user_perproc_libspace
    sys_stackheap_outer.o(.text) refers to startup_lpc8xx.o(.text) for __user_initial_stackheap
    sys_stackheap_outer.o(__vectab_stack_and_reset_area) refers to tempstk.o(.text) for __temporary_stack_top
    sys_stackheap_outer.o(__vectab_stack_and_reset_area) refers to __main.o(!!!main) for __main
    exit.o(.text) refers to rtexit.o(.ARM.Collect$$rtexit$$00000000) for __rt_exit
    defsig_fpe_outer.o(.text) refers to defsig_fpe_inner.o(.text) for __rt_SIGFPE_inner
    defsig_fpe_outer.o(.text) refers to defsig_exit.o(.text) for __sig_exit
    defsig_fpe_formal.o(.text) refers to rt_raise.o(.text) for __rt_raise
    libinit.o(.ARM.Collect$$libinit$$00000000) refers (Special) to libinit2.o(.ARM.Collect$$libinit$$0000002E) for __rt_lib_init_alloca_1
    libinit.o(.ARM.Collect$$libinit$$00000000) refers (Special) to libinit2.o(.ARM.Collect$$libinit$$0000002C) for __rt_lib_init_argv_1
    libinit.o(.ARM.Collect$$libinit$$00000000) refers (Special) to libinit2.o(.ARM.Collect$$libinit$$0000001B) for __rt_lib_init_atexit_1
    libinit.o(.ARM.Collect$$libinit$$00000000) refers (Special) to libinit2.o(.ARM.Collect$$libinit$$00000021) for __rt_lib_init_clock_1
    libinit.o(.ARM.Collect$$libinit$$00000000) refers (Special) to libinit2.o(.ARM.Collect$$libinit$$00000032) for __rt_lib_init_cpp_1
    libinit.o(.ARM.Collect$$libinit$$00000000) refers (Special) to libinit2.o(.ARM.Collect$$libinit$$00000030) for __rt_lib_init_exceptions_1
    libinit.o(.ARM.Collect$$libinit$$00000000) refers (Special) to libinit2.o(.ARM.Collect$$libinit$$00000002) for __rt_lib_init_fp_1
    libinit.o(.ARM.Collect$$libinit$$00000000) refers (Special) to libinit2.o(.ARM.Collect$$libinit$$0000001F) for __rt_lib_init_fp_trap_1
    libinit.o(.ARM.Collect$$libinit$$00000000) refers (Special) to libinit2.o(.ARM.Collect$$libinit$$00000023) for __rt_lib_init_getenv_1
    libinit.o(.ARM.Collect$$libinit$$00000000) refers (Special) to libinit2.o(.ARM.Collect$$libinit$$0000000A) for __rt_lib_init_heap_1
    libinit.o(.ARM.Collect$$libinit$$00000000) refers (Special) to libinit2.o(.ARM.Collect$$libinit$$00000011) for __rt_lib_init_lc_collate_1
    libinit.o(.ARM.Collect$$libinit$$00000000) refers (Special) to libinit2.o(.ARM.Collect$$libinit$$00000013) for __rt_lib_init_lc_ctype_1
    libinit.o(.ARM.Collect$$libinit$$00000000) refers (Special) to libinit2.o(.ARM.Collect$$libinit$$00000015) for __rt_lib_init_lc_monetary_1
    libinit.o(.ARM.Collect$$libinit$$00000000) refers (Special) to libinit2.o(.ARM.Collect$$libinit$$00000017) for __rt_lib_init_lc_numeric_1
    libinit.o(.ARM.Collect$$libinit$$00000000) refers (Special) to libinit2.o(.ARM.Collect$$libinit$$00000019) for __rt_lib_init_lc_time_1
    libinit.o(.ARM.Collect$$libinit$$00000000) refers (Special) to libinit2.o(.ARM.Collect$$libinit$$00000004) for __rt_lib_init_preinit_1
    libinit.o(.ARM.Collect$$libinit$$00000000) refers (Special) to libinit2.o(.ARM.Collect$$libinit$$0000000E) for __rt_lib_init_rand_1
    libinit.o(.ARM.Collect$$libinit$$00000000) refers (Special) to libinit2.o(.ARM.Collect$$libinit$$00000033) for __rt_lib_init_return
    libinit.o(.ARM.Collect$$libinit$$00000000) refers (Special) to libinit2.o(.ARM.Collect$$libinit$$0000001D) for __rt_lib_init_signal_1
    libinit.o(.ARM.Collect$$libinit$$00000000) refers (Special) to libinit2.o(.ARM.Collect$$libinit$$00000025) for __rt_lib_init_stdio_1
    libinit.o(.ARM.Collect$$libinit$$00000000) refers (Special) to libinit2.o(.ARM.Collect$$libinit$$0000000C) for __rt_lib_init_user_alloc_1
    libspace.o(.text) refers to libspace.o(.bss) for __libspace_start
    rtexit.o(.ARM.Collect$$rtexit$$00000000) refers (Special) to rtexit2.o(.ARM.Collect$$rtexit$$00000004) for __rt_exit_exit
    rtexit.o(.ARM.Collect$$rtexit$$00000000) refers (Special) to rtexit2.o(.ARM.Collect$$rtexit$$00000003) for __rt_exit_ls
    rtexit.o(.ARM.Collect$$rtexit$$00000000) refers (Special) to rtexit2.o(.ARM.Collect$$rtexit$$00000002) for __rt_exit_prels_1
    rtexit.o(.ARM.exidx) refers (Special) to rtexit2.o(.ARM.Collect$$rtexit$$00000004) for __rt_exit_exit
    rtexit.o(.ARM.exidx) refers (Special) to rtexit2.o(.ARM.Collect$$rtexit$$00000003) for __rt_exit_ls
    rtexit.o(.ARM.exidx) refers (Special) to rtexit2.o(.ARM.Collect$$rtexit$$00000002) for __rt_exit_prels_1
    rtexit.o(.ARM.exidx) refers to rtexit.o(.ARM.Collect$$rtexit$$00000000) for .ARM.Collect$$rtexit$$00000000
    rt_raise.o(.text) refers to __raise.o(.text) for __raise
    rt_raise.o(.text) refers to sys_exit.o(.text) for _sys_exit
    defsig_exit.o(.text) refers to sys_exit.o(.text) for _sys_exit
    defsig_fpe_inner.o(.text) refers to defsig_general.o(.text) for __default_signal_display
    libinit2.o(.ARM.Collect$$libinit$$00000010) refers to libinit2.o(.ARM.Collect$$libinit$$0000000F) for .ARM.Collect$$libinit$$0000000F
    libinit2.o(.ARM.Collect$$libinit$$00000012) refers to libinit2.o(.ARM.Collect$$libinit$$0000000F) for .ARM.Collect$$libinit$$0000000F
    libinit2.o(.ARM.Collect$$libinit$$00000014) refers to libinit2.o(.ARM.Collect$$libinit$$0000000F) for .ARM.Collect$$libinit$$0000000F
    libinit2.o(.ARM.Collect$$libinit$$00000016) refers to libinit2.o(.ARM.Collect$$libinit$$0000000F) for .ARM.Collect$$libinit$$0000000F
    libinit2.o(.ARM.Collect$$libinit$$00000018) refers to libinit2.o(.ARM.Collect$$libinit$$0000000F) for .ARM.Collect$$libinit$$0000000F
    libinit2.o(.ARM.Collect$$libinit$$00000026) refers to argv_veneer.o(.text) for __ARM_argv_veneer
    libinit2.o(.ARM.Collect$$libinit$$00000027) refers to argv_veneer.o(.text) for __ARM_argv_veneer
    sys_exit.o(.text) refers (Special) to use_no_semi.o(.text) for __I$use$semihosting
    sys_exit.o(.text) refers (Special) to indicate_semi.o(.text) for __semihosting_library_function
    rtexit2.o(.ARM.Collect$$rtexit$$00000003) refers to libshutdown.o(.ARM.Collect$$libshutdown$$00000000) for __rt_lib_shutdown
    rtexit2.o(.ARM.Collect$$rtexit$$00000004) refers to sys_exit.o(.text) for _sys_exit
    rtexit2.o(.ARM.exidx) refers to rtexit2.o(.ARM.Collect$$rtexit$$00000001) for .ARM.Collect$$rtexit$$00000001
    rtexit2.o(.ARM.exidx) refers to rtexit2.o(.ARM.Collect$$rtexit$$00000003) for .ARM.Collect$$rtexit$$00000003
    rtexit2.o(.ARM.exidx) refers to rtexit2.o(.ARM.Collect$$rtexit$$00000004) for .ARM.Collect$$rtexit$$00000004
    __raise.o(.text) refers to defsig.o(CL$$defsig) for __default_signal_handler
    defsig_general.o(.text) refers to sys_wrch.o(.text) for _ttywrch
    sys_wrch.o(.text) refers (Special) to use_no_semi.o(.text) for __I$use$semihosting
    sys_wrch.o(.text) refers (Special) to indicate_semi.o(.text) for __semihosting_library_function
    defsig.o(CL$$defsig) refers to defsig_fpe_inner.o(.text) for __rt_SIGFPE_inner
    defsig.o(CL$$defsig) refers to defsig_rtmem_inner.o(.text) for __rt_SIGRTMEM_inner
    _get_argv_nomalloc.o(.text) refers (Special) to hrguard.o(.text) for __heap_region$guard
    _get_argv_nomalloc.o(.text) refers to defsig_rtmem_outer.o(.text) for __rt_SIGRTMEM
    _get_argv_nomalloc.o(.text) refers to sys_command.o(.text) for _sys_command_string
    libshutdown.o(.ARM.Collect$$libshutdown$$00000000) refers (Special) to libshutdown2.o(.ARM.Collect$$libshutdown$$00000002) for __rt_lib_shutdown_cpp_1
    libshutdown.o(.ARM.Collect$$libshutdown$$00000000) refers (Special) to libshutdown2.o(.ARM.Collect$$libshutdown$$00000007) for __rt_lib_shutdown_fp_trap_1
    libshutdown.o(.ARM.Collect$$libshutdown$$00000000) refers (Special) to libshutdown2.o(.ARM.Collect$$libshutdown$$0000000F) for __rt_lib_shutdown_heap_1
    libshutdown.o(.ARM.Collect$$libshutdown$$00000000) refers (Special) to libshutdown2.o(.ARM.Collect$$libshutdown$$00000010) for __rt_lib_shutdown_return
    libshutdown.o(.ARM.Collect$$libshutdown$$00000000) refers (Special) to libshutdown2.o(.ARM.Collect$$libshutdown$$0000000A) for __rt_lib_shutdown_signal_1
    libshutdown.o(.ARM.Collect$$libshutdown$$00000000) refers (Special) to libshutdown2.o(.ARM.Collect$$libshutdown$$00000004) for __rt_lib_shutdown_stdio_1
    libshutdown.o(.ARM.Collect$$libshutdown$$00000000) refers (Special) to libshutdown2.o(.ARM.Collect$$libshutdown$$0000000C) for __rt_lib_shutdown_user_alloc_1
    sys_command.o(.text) refers (Special) to use_no_semi.o(.text) for __I$use$semihosting
    sys_command.o(.text) refers (Special) to indicate_semi.o(.text) for __semihosting_library_function
    defsig_abrt_inner.o(.text) refers to defsig_general.o(.text) for __default_signal_display
    defsig_rtred_inner.o(.text) refers to defsig_general.o(.text) for __default_signal_display
    defsig_rtmem_inner.o(.text) refers to defsig_general.o(.text) for __default_signal_display
    defsig_rtmem_outer.o(.text) refers to defsig_rtmem_inner.o(.text) for __rt_SIGRTMEM_inner
    defsig_rtmem_outer.o(.text) refers to defsig_exit.o(.text) for __sig_exit
    defsig_rtmem_formal.o(.text) refers to rt_raise.o(.text) for __rt_raise
    defsig_stak_inner.o(.text) refers to defsig_general.o(.text) for __default_signal_display
    defsig_pvfn_inner.o(.text) refers to defsig_general.o(.text) for __default_signal_display
    defsig_cppl_inner.o(.text) refers to defsig_general.o(.text) for __default_signal_display
    defsig_segv_inner.o(.text) refers to defsig_general.o(.text) for __default_signal_display
    defsig_other.o(.text) refers to defsig_general.o(.text) for __default_signal_display


==============================================================================

Removing Unused input sections from the image.

    Removing nixie.o(.rev16_text), (4 bytes).
    Removing nixie.o(.revsh_text), (4 bytes).
    Removing driver.o(.rev16_text), (4 bytes).
    Removing driver.o(.revsh_text), (4 bytes).
    Removing uart.o(.rev16_text), (4 bytes).
    Removing uart.o(.revsh_text), (4 bytes).
    Removing system_lpc8xx.o(.rev16_text), (4 bytes).
    Removing system_lpc8xx.o(.revsh_text), (4 bytes).
    Removing system_lpc8xx.o(i.SystemCoreClockUpdate), (428 bytes).
    Removing system_lpc8xx.o(.data), (4 bytes).
    Removing clock_8xx.o(.rev16_text), (4 bytes).
    Removing clock_8xx.o(.revsh_text), (4 bytes).
    Removing clock_8xx.o(i.Chip_Clock_GetIOCONCLKDIVClockRate), (44 bytes).
    Removing clock_8xx.o(i.Chip_Clock_SetCLKOUTSource), (24 bytes).
    Removing clock_8xx.o(i.Chip_Clock_SetMainClockSource), (20 bytes).
    Removing clock_8xx.o(i.Chip_Clock_SetPLLBypass), (32 bytes).
    Removing clock_8xx.o(i.Chip_Clock_SetSystemPLLSource), (20 bytes).
    Removing iocon_8xx.o(.rev16_text), (4 bytes).
    Removing iocon_8xx.o(.revsh_text), (4 bytes).
    Removing iocon_8xx.o(i.Chip_IOCON_PinSetHysteresis), (44 bytes).
    Removing iocon_8xx.o(i.Chip_IOCON_PinSetI2CMode), (24 bytes).
    Removing iocon_8xx.o(i.Chip_IOCON_PinSetInputInverted), (44 bytes).
    Removing iocon_8xx.o(i.Chip_IOCON_PinSetMode), (22 bytes).
    Removing iocon_8xx.o(i.Chip_IOCON_PinSetOpenDrainMode), (46 bytes).
    Removing iocon_8xx.o(i.Chip_IOCON_SetPinMuxing), (36 bytes).
    Removing pinint_8xx.o(.rev16_text), (4 bytes).
    Removing pinint_8xx.o(.revsh_text), (4 bytes).
    Removing swm_8xx.o(.rev16_text), (4 bytes).
    Removing swm_8xx.o(.revsh_text), (4 bytes).
    Removing swm_8xx.o(i.Chip_SWM_FixedPinEnable), (64 bytes).
    Removing uart_8xx.o(.rev16_text), (4 bytes).
    Removing uart_8xx.o(.revsh_text), (4 bytes).
    Removing uart_8xx.o(i.Chip_UART_DeInit), (44 bytes).
    Removing uart_8xx.o(i.Chip_UART_Read), (46 bytes).
    Removing uart_8xx.o(i.Chip_UART_ReadBlocking), (46 bytes).
    Removing uart_8xx.o(i.Chip_UART_Send), (46 bytes).
    Removing uart_8xx.o(i.Chip_UART_SendBlocking), (46 bytes).

37 unused section(s) (total 1152 bytes) removed from the image.

==============================================================================

Image Symbol Table

    Local Symbols

    Symbol Name                              Value     Ov Type        Size  Object(Section)

    RESET                                    0x00000000   Section      192  startup_lpc8xx.o(RESET)
    ../clib/angel/boardlib.s                 0x00000000   Number         0  boardinit1.o ABSOLUTE
    ../clib/angel/boardlib.s                 0x00000000   Number         0  boardinit3.o ABSOLUTE
    ../clib/angel/boardlib.s                 0x00000000   Number         0  boardinit2.o ABSOLUTE
    ../clib/angel/boardlib.s                 0x00000000   Number         0  boardshut.o ABSOLUTE
    ../clib/angel/handlers.s                 0x00000000   Number         0  __scatter_copy.o ABSOLUTE
    ../clib/angel/handlers.s                 0x00000000   Number         0  __scatter_zi.o ABSOLUTE
    ../clib/angel/kernel.s                   0x00000000   Number         0  __rtentry4.o ABSOLUTE
    ../clib/angel/kernel.s                   0x00000000   Number         0  __rtentry.o ABSOLUTE
    ../clib/angel/kernel.s                   0x00000000   Number         0  __rtentry2.o ABSOLUTE
    ../clib/angel/kernel.s                   0x00000000   Number         0  rtexit.o ABSOLUTE
    ../clib/angel/kernel.s                   0x00000000   Number         0  rtexit2.o ABSOLUTE
    ../clib/angel/rt.s                       0x00000000   Number         0  rt_div0.o ABSOLUTE
    ../clib/angel/rt.s                       0x00000000   Number         0  aeabi_ldiv0_sigfpe.o ABSOLUTE
    ../clib/angel/rt.s                       0x00000000   Number         0  aeabi_ldiv0.o ABSOLUTE
    ../clib/angel/rt.s                       0x00000000   Number         0  aeabi_idiv0_sigfpe.o ABSOLUTE
    ../clib/angel/rt.s                       0x00000000   Number         0  aeabi_idiv0.o ABSOLUTE
    ../clib/angel/rt.s                       0x00000000   Number         0  rt_raise.o ABSOLUTE
    ../clib/angel/scatterp.s                 0x00000000   Number         0  __scatter.o ABSOLUTE
    ../clib/angel/startup.s                  0x00000000   Number         0  __main.o ABSOLUTE
    ../clib/angel/sys.s                      0x00000000   Number         0  indicate_semi.o ABSOLUTE
    ../clib/angel/sys.s                      0x00000000   Number         0  libspace.o ABSOLUTE
    ../clib/angel/sys.s                      0x00000000   Number         0  tempstk.o ABSOLUTE
    ../clib/angel/sys.s                      0x00000000   Number         0  sys_stackheap_outer.o ABSOLUTE
    ../clib/angel/sys.s                      0x00000000   Number         0  use_no_semi.o ABSOLUTE
    ../clib/angel/sysapp.c                   0x00000000   Number         0  sys_wrch.o ABSOLUTE
    ../clib/angel/sysapp.c                   0x00000000   Number         0  sys_command.o ABSOLUTE
    ../clib/angel/sysapp.c                   0x00000000   Number         0  sys_exit.o ABSOLUTE
    ../clib/armsys.c                         0x00000000   Number         0  argv_veneer.o ABSOLUTE
    ../clib/armsys.c                         0x00000000   Number         0  no_argv.o ABSOLUTE
    ../clib/armsys.c                         0x00000000   Number         0  _get_argv_nomalloc.o ABSOLUTE
    ../clib/division.c                       0x00000000   Number         0  lludiv.o ABSOLUTE
    ../clib/division.s                       0x00000000   Number         0  aeabi_sdiv.o ABSOLUTE
    ../clib/division.s                       0x00000000   Number         0  aeabi_sdiv_div0.o ABSOLUTE
    ../clib/heapalloc.c                      0x00000000   Number         0  hrguard.o ABSOLUTE
    ../clib/heapaux.c                        0x00000000   Number         0  heapauxi.o ABSOLUTE
    ../clib/libinit.s                        0x00000000   Number         0  libinit.o ABSOLUTE
    ../clib/libinit.s                        0x00000000   Number         0  libshutdown2.o ABSOLUTE
    ../clib/libinit.s                        0x00000000   Number         0  libshutdown.o ABSOLUTE
    ../clib/libinit.s                        0x00000000   Number         0  libinit2.o ABSOLUTE
    ../clib/longlong.c                       0x00000000   Number         0  llmul.o ABSOLUTE
    ../clib/memcpset.c                       0x00000000   Number         0  rt_memcpy.o ABSOLUTE
    ../clib/memcpset.c                       0x00000000   Number         0  rt_memcpy.o ABSOLUTE
    ../clib/signal.c                         0x00000000   Number         0  defsig_fpe_formal.o ABSOLUTE
    ../clib/signal.c                         0x00000000   Number         0  defsig_abrt_inner.o ABSOLUTE
    ../clib/signal.c                         0x00000000   Number         0  defsig_cppl_inner.o ABSOLUTE
    ../clib/signal.c                         0x00000000   Number         0  defsig_pvfn_inner.o ABSOLUTE
    ../clib/signal.c                         0x00000000   Number         0  defsig_stak_inner.o ABSOLUTE
    ../clib/signal.c                         0x00000000   Number         0  defsig_rtmem_formal.o ABSOLUTE
    ../clib/signal.c                         0x00000000   Number         0  defsig_rtmem_outer.o ABSOLUTE
    ../clib/signal.c                         0x00000000   Number         0  defsig_rtmem_inner.o ABSOLUTE
    ../clib/signal.c                         0x00000000   Number         0  defsig_rtred_inner.o ABSOLUTE
    ../clib/signal.c                         0x00000000   Number         0  defsig_other.o ABSOLUTE
    ../clib/signal.c                         0x00000000   Number         0  __raise.o ABSOLUTE
    ../clib/signal.c                         0x00000000   Number         0  defsig_fpe_outer.o ABSOLUTE
    ../clib/signal.c                         0x00000000   Number         0  defsig_segv_inner.o ABSOLUTE
    ../clib/signal.c                         0x00000000   Number         0  defsig_fpe_inner.o ABSOLUTE
    ../clib/signal.c                         0x00000000   Number         0  defsig_exit.o ABSOLUTE
    ../clib/signal.c                         0x00000000   Number         0  defsig_general.o ABSOLUTE
    ../clib/signal.s                         0x00000000   Number         0  defsig.o ABSOLUTE
    ../clib/stdlib.c                         0x00000000   Number         0  exit.o ABSOLUTE
    ../fplib/cfplib/fpinit.c                 0x00000000   Number         0  fpinit.o ABSOLUTE
    ..\..\lpc_chip\chip_8xx\clock_8xx.c      0x00000000   Number         0  clock_8xx.o ABSOLUTE
    ..\..\lpc_chip\chip_8xx\iocon_8xx.c      0x00000000   Number         0  iocon_8xx.o ABSOLUTE
    ..\..\lpc_chip\chip_8xx\pinint_8xx.c     0x00000000   Number         0  pinint_8xx.o ABSOLUTE
    ..\..\lpc_chip\chip_8xx\swm_8xx.c        0x00000000   Number         0  swm_8xx.o ABSOLUTE
    ..\..\lpc_chip\chip_8xx\uart_8xx.c       0x00000000   Number         0  uart_8xx.o ABSOLUTE
    ..\\..\\lpc_chip\\chip_8xx\\clock_8xx.c  0x00000000   Number         0  clock_8xx.o ABSOLUTE
    ..\\..\\lpc_chip\\chip_8xx\\iocon_8xx.c  0x00000000   Number         0  iocon_8xx.o ABSOLUTE
    ..\\..\\lpc_chip\\chip_8xx\\pinint_8xx.c 0x00000000   Number         0  pinint_8xx.o ABSOLUTE
    ..\\..\\lpc_chip\\chip_8xx\\swm_8xx.c    0x00000000   Number         0  swm_8xx.o ABSOLUTE
    ..\\..\\lpc_chip\\chip_8xx\\uart_8xx.c   0x00000000   Number         0  uart_8xx.o ABSOLUTE
    ..\chip_common\ring_buffer.c             0x00000000   Number         0  ring_buffer.o ABSOLUTE
    RTE\Device\LPC812M101JD20\startup_LPC8xx.s 0x00000000   Number         0  startup_lpc8xx.o ABSOLUTE
    RTE\Device\LPC812M101JD20\system_LPC8xx.c 0x00000000   Number         0  system_lpc8xx.o ABSOLUTE
    RTE\\Device\\LPC812M101JD20\\system_LPC8xx.c 0x00000000   Number         0  system_lpc8xx.o ABSOLUTE
    dc.s                                     0x00000000   Number         0  dc.o ABSOLUTE
    driver.c                                 0x00000000   Number         0  driver.o ABSOLUTE
    driver.c                                 0x00000000   Number         0  driver.o ABSOLUTE
    nixie.c                                  0x00000000   Number         0  nixie.o ABSOLUTE
    nixie.c                                  0x00000000   Number         0  nixie.o ABSOLUTE
    uart.c                                   0x00000000   Number         0  uart.o ABSOLUTE
    uart.c                                   0x00000000   Number         0  uart.o ABSOLUTE
    !!!main                                  0x000000c0   Section        8  __main.o(!!!main)
    !!!scatter                               0x000000c8   Section       60  __scatter.o(!!!scatter)
    !!handler_copy                           0x00000104   Section       26  __scatter_copy.o(!!handler_copy)
    !!handler_zi                             0x00000120   Section       28  __scatter_zi.o(!!handler_zi)
    .ARM.Collect$$libinit$$00000000          0x0000013c   Section        2  libinit.o(.ARM.Collect$$libinit$$00000000)
    .ARM.Collect$$libinit$$00000002          0x0000013e   Section        0  libinit2.o(.ARM.Collect$$libinit$$00000002)
    .ARM.Collect$$libinit$$00000004          0x0000013e   Section        0  libinit2.o(.ARM.Collect$$libinit$$00000004)
    .ARM.Collect$$libinit$$0000000A          0x0000013e   Section        0  libinit2.o(.ARM.Collect$$libinit$$0000000A)
    .ARM.Collect$$libinit$$0000000C          0x0000013e   Section        0  libinit2.o(.ARM.Collect$$libinit$$0000000C)
    .ARM.Collect$$libinit$$0000000E          0x0000013e   Section        0  libinit2.o(.ARM.Collect$$libinit$$0000000E)
    .ARM.Collect$$libinit$$00000011          0x0000013e   Section        0  libinit2.o(.ARM.Collect$$libinit$$00000011)
    .ARM.Collect$$libinit$$00000013          0x0000013e   Section        0  libinit2.o(.ARM.Collect$$libinit$$00000013)
    .ARM.Collect$$libinit$$00000015          0x0000013e   Section        0  libinit2.o(.ARM.Collect$$libinit$$00000015)
    .ARM.Collect$$libinit$$00000017          0x0000013e   Section        0  libinit2.o(.ARM.Collect$$libinit$$00000017)
    .ARM.Collect$$libinit$$00000019          0x0000013e   Section        0  libinit2.o(.ARM.Collect$$libinit$$00000019)
    .ARM.Collect$$libinit$$0000001B          0x0000013e   Section        0  libinit2.o(.ARM.Collect$$libinit$$0000001B)
    .ARM.Collect$$libinit$$0000001D          0x0000013e   Section        0  libinit2.o(.ARM.Collect$$libinit$$0000001D)
    .ARM.Collect$$libinit$$0000001F          0x0000013e   Section        0  libinit2.o(.ARM.Collect$$libinit$$0000001F)
    .ARM.Collect$$libinit$$00000021          0x0000013e   Section        0  libinit2.o(.ARM.Collect$$libinit$$00000021)
    .ARM.Collect$$libinit$$00000023          0x0000013e   Section        0  libinit2.o(.ARM.Collect$$libinit$$00000023)
    .ARM.Collect$$libinit$$00000025          0x0000013e   Section        0  libinit2.o(.ARM.Collect$$libinit$$00000025)
    .ARM.Collect$$libinit$$0000002C          0x0000013e   Section        0  libinit2.o(.ARM.Collect$$libinit$$0000002C)
    .ARM.Collect$$libinit$$0000002E          0x0000013e   Section        0  libinit2.o(.ARM.Collect$$libinit$$0000002E)
    .ARM.Collect$$libinit$$00000030          0x0000013e   Section        0  libinit2.o(.ARM.Collect$$libinit$$00000030)
    .ARM.Collect$$libinit$$00000032          0x0000013e   Section        0  libinit2.o(.ARM.Collect$$libinit$$00000032)
    .ARM.Collect$$libinit$$00000033          0x0000013e   Section        2  libinit2.o(.ARM.Collect$$libinit$$00000033)
    .ARM.Collect$$libshutdown$$00000000      0x00000140   Section        2  libshutdown.o(.ARM.Collect$$libshutdown$$00000000)
    .ARM.Collect$$libshutdown$$00000002      0x00000142   Section        0  libshutdown2.o(.ARM.Collect$$libshutdown$$00000002)
    .ARM.Collect$$libshutdown$$00000004      0x00000142   Section        0  libshutdown2.o(.ARM.Collect$$libshutdown$$00000004)
    .ARM.Collect$$libshutdown$$00000007      0x00000142   Section        0  libshutdown2.o(.ARM.Collect$$libshutdown$$00000007)
    .ARM.Collect$$libshutdown$$0000000A      0x00000142   Section        0  libshutdown2.o(.ARM.Collect$$libshutdown$$0000000A)
    .ARM.Collect$$libshutdown$$0000000C      0x00000142   Section        0  libshutdown2.o(.ARM.Collect$$libshutdown$$0000000C)
    .ARM.Collect$$libshutdown$$0000000F      0x00000142   Section        0  libshutdown2.o(.ARM.Collect$$libshutdown$$0000000F)
    .ARM.Collect$$libshutdown$$00000010      0x00000142   Section        2  libshutdown2.o(.ARM.Collect$$libshutdown$$00000010)
    .ARM.Collect$$rtentry$$00000000          0x00000144   Section        0  __rtentry.o(.ARM.Collect$$rtentry$$00000000)
    .ARM.Collect$$rtentry$$00000002          0x00000144   Section        0  __rtentry2.o(.ARM.Collect$$rtentry$$00000002)
    .ARM.Collect$$rtentry$$00000004          0x00000144   Section        6  __rtentry4.o(.ARM.Collect$$rtentry$$00000004)
    .ARM.Collect$$rtentry$$00000009          0x0000014a   Section        0  __rtentry2.o(.ARM.Collect$$rtentry$$00000009)
    .ARM.Collect$$rtentry$$0000000A          0x0000014a   Section        4  __rtentry2.o(.ARM.Collect$$rtentry$$0000000A)
    .ARM.Collect$$rtentry$$0000000C          0x0000014e   Section        0  __rtentry2.o(.ARM.Collect$$rtentry$$0000000C)
    .ARM.Collect$$rtentry$$0000000D          0x0000014e   Section        8  __rtentry2.o(.ARM.Collect$$rtentry$$0000000D)
    .ARM.Collect$$rtexit$$00000000           0x00000156   Section        2  rtexit.o(.ARM.Collect$$rtexit$$00000000)
    .ARM.Collect$$rtexit$$00000002           0x00000158   Section        0  rtexit2.o(.ARM.Collect$$rtexit$$00000002)
    .ARM.Collect$$rtexit$$00000003           0x00000158   Section        4  rtexit2.o(.ARM.Collect$$rtexit$$00000003)
    .ARM.Collect$$rtexit$$00000004           0x0000015c   Section        6  rtexit2.o(.ARM.Collect$$rtexit$$00000004)
    .emb_text                                0x00000164   Section       56  rt_memcpy.o(.emb_text)
    .text                                    0x0000019c   Section       52  startup_lpc8xx.o(.text)
    .text                                    0x000001d0   Section        0  llmul.o(.text)
    .text                                    0x00000200   Section        0  rt_memcpy.o(.text)
    .text                                    0x00000282   Section        0  heapauxi.o(.text)
    .text                                    0x00000288   Section       62  sys_stackheap_outer.o(.text)
    .text                                    0x000002c6   Section        0  exit.o(.text)
    .text                                    0x000002d8   Section        8  libspace.o(.text)
    .text                                    0x000002e0   Section        0  sys_exit.o(.text)
    .text                                    0x000002ec   Section        2  use_no_semi.o(.text)
    .text                                    0x000002ee   Section        0  indicate_semi.o(.text)
    i.Chip_Clock_GetPLLFreq                  0x000002ee   Section        0  clock_8xx.o(i.Chip_Clock_GetPLLFreq)
    Chip_Clock_GetPLLFreq                    0x000002ef   Thumb Code    14  clock_8xx.o(i.Chip_Clock_GetPLLFreq)
    .ARM.__at_0x02FC                         0x000002fc   Section        4  startup_lpc8xx.o(.ARM.__at_0x02FC)
    .text                                    0x00000300   Section        0  lludiv.o(.text)
    .text                                    0x00000402   Section      346  aeabi_sdiv.o(.text)
    i.Chip_Clock_EnablePeriphClock           0x0000055c   Section        0  nixie.o(i.Chip_Clock_EnablePeriphClock)
    Chip_Clock_EnablePeriphClock             0x0000055d   Thumb Code    20  nixie.o(i.Chip_Clock_EnablePeriphClock)
    i.Chip_Clock_GetMainClockRate            0x00000574   Section        0  clock_8xx.o(i.Chip_Clock_GetMainClockRate)
    i.Chip_Clock_GetSystemClockRate          0x000005c0   Section        0  clock_8xx.o(i.Chip_Clock_GetSystemClockRate)
    i.Chip_Clock_GetSystemPLLInClockRate     0x000005dc   Section        0  clock_8xx.o(i.Chip_Clock_GetSystemPLLInClockRate)
    i.Chip_Clock_GetSystemPLLOutClockRate    0x00000628   Section        0  clock_8xx.o(i.Chip_Clock_GetSystemPLLOutClockRate)
    i.Chip_Clock_GetUSARTNBaseClockRate      0x00000644   Section        0  clock_8xx.o(i.Chip_Clock_GetUSARTNBaseClockRate)
    i.Chip_Clock_GetWDTLFORate               0x000006c8   Section        0  clock_8xx.o(i.Chip_Clock_GetWDTLFORate)
    Chip_Clock_GetWDTLFORate                 0x000006c9   Thumb Code    28  clock_8xx.o(i.Chip_Clock_GetWDTLFORate)
    i.Chip_Clock_GetWDTOSCRate               0x000006e8   Section        0  clock_8xx.o(i.Chip_Clock_GetWDTOSCRate)
    i.Chip_Clock_SetIOCONCLKDIV              0x000006fc   Section        0  clock_8xx.o(i.Chip_Clock_SetIOCONCLKDIV)
    i.Chip_Clock_SetUSARTNBaseClockRate      0x00000710   Section        0  clock_8xx.o(i.Chip_Clock_SetUSARTNBaseClockRate)
    i.Chip_GPIO_SetPinOutHigh                0x000007ac   Section        0  nixie.o(i.Chip_GPIO_SetPinOutHigh)
    Chip_GPIO_SetPinOutHigh                  0x000007ad   Thumb Code    18  nixie.o(i.Chip_GPIO_SetPinOutHigh)
    i.Chip_GPIO_SetPinOutLow                 0x000007be   Section        0  nixie.o(i.Chip_GPIO_SetPinOutLow)
    Chip_GPIO_SetPinOutLow                   0x000007bf   Thumb Code    18  nixie.o(i.Chip_GPIO_SetPinOutLow)
    i.Chip_GPIO_SetPinState                  0x000007d0   Section        0  driver.o(i.Chip_GPIO_SetPinState)
    Chip_GPIO_SetPinState                    0x000007d1   Thumb Code    10  driver.o(i.Chip_GPIO_SetPinState)
    i.Chip_IOCON_PinSetClockDivisor          0x000007da   Section        0  iocon_8xx.o(i.Chip_IOCON_PinSetClockDivisor)
    i.Chip_IOCON_PinSetSampleMode            0x000007f2   Section        0  iocon_8xx.o(i.Chip_IOCON_PinSetSampleMode)
    i.Chip_MRT_GetRegPtr                     0x0000080c   Section        0  nixie.o(i.Chip_MRT_GetRegPtr)
    Chip_MRT_GetRegPtr                       0x0000080d   Thumb Code    10  nixie.o(i.Chip_MRT_GetRegPtr)
    i.Chip_MRT_SetDisabled                   0x0000081c   Section        0  nixie.o(i.Chip_MRT_SetDisabled)
    Chip_MRT_SetDisabled                     0x0000081d   Thumb Code    10  nixie.o(i.Chip_MRT_SetDisabled)
    i.Chip_MRT_SetInterval                   0x00000826   Section        0  nixie.o(i.Chip_MRT_SetInterval)
    Chip_MRT_SetInterval                     0x00000827   Thumb Code     4  nixie.o(i.Chip_MRT_SetInterval)
    i.Chip_PININT_GetBitsliceConfig          0x0000082a   Section        0  nixie.o(i.Chip_PININT_GetBitsliceConfig)
    i.Chip_PININT_SetPatternMatchConfig      0x0000084e   Section        0  pinint_8xx.o(i.Chip_PININT_SetPatternMatchConfig)
    i.Chip_PININT_SetPatternMatchSrc         0x00000888   Section        0  pinint_8xx.o(i.Chip_PININT_SetPatternMatchSrc)
    i.Chip_SWM_MovablePinAssign              0x000008b0   Section        0  swm_8xx.o(i.Chip_SWM_MovablePinAssign)
    i.Chip_SYSCTL_PeriphReset                0x000008dc   Section        0  uart_8xx.o(i.Chip_SYSCTL_PeriphReset)
    Chip_SYSCTL_PeriphReset                  0x000008dd   Thumb Code    44  uart_8xx.o(i.Chip_SYSCTL_PeriphReset)
    i.Chip_SYSCTL_SetPinInterrupt            0x00000910   Section        0  nixie.o(i.Chip_SYSCTL_SetPinInterrupt)
    Chip_SYSCTL_SetPinInterrupt              0x00000911   Thumb Code     8  nixie.o(i.Chip_SYSCTL_SetPinInterrupt)
    i.Chip_SYSCTL_SetUSARTFRGDivider         0x0000091c   Section        0  clock_8xx.o(i.Chip_SYSCTL_SetUSARTFRGDivider)
    Chip_SYSCTL_SetUSARTFRGDivider           0x0000091d   Thumb Code     6  clock_8xx.o(i.Chip_SYSCTL_SetUSARTFRGDivider)
    i.Chip_UART_GetStatus                    0x00000928   Section        0  uart_8xx.o(i.Chip_UART_GetStatus)
    Chip_UART_GetStatus                      0x00000929   Thumb Code    10  uart_8xx.o(i.Chip_UART_GetStatus)
    i.Chip_UART_IRQRBHandler                 0x00000938   Section        0  uart_8xx.o(i.Chip_UART_IRQRBHandler)
    i.Chip_UART_Init                         0x0000097c   Section        0  uart_8xx.o(i.Chip_UART_Init)
    i.Chip_UART_IntDisable                   0x000009cc   Section        0  uart_8xx.o(i.Chip_UART_IntDisable)
    Chip_UART_IntDisable                     0x000009cd   Thumb Code     4  uart_8xx.o(i.Chip_UART_IntDisable)
    i.Chip_UART_RXIntHandlerRB               0x000009d0   Section        0  uart_8xx.o(i.Chip_UART_RXIntHandlerRB)
    i.Chip_UART_ReadRB                       0x000009fa   Section        0  uart_8xx.o(i.Chip_UART_ReadRB)
    i.Chip_UART_SendByte                     0x00000a10   Section        0  uart_8xx.o(i.Chip_UART_SendByte)
    Chip_UART_SendByte                       0x00000a11   Thumb Code     4  uart_8xx.o(i.Chip_UART_SendByte)
    i.Chip_UART_SendRB                       0x00000a14   Section        0  uart_8xx.o(i.Chip_UART_SendRB)
    i.Chip_UART_SetBaud                      0x00000a56   Section        0  uart_8xx.o(i.Chip_UART_SetBaud)
    i.Chip_UART_TXIntHandlerRB               0x00000a70   Section        0  uart_8xx.o(i.Chip_UART_TXIntHandlerRB)
    i.MRT_IRQHandler                         0x00000aa0   Section        0  nixie.o(i.MRT_IRQHandler)
    i.NVIC_ClearPendingIRQ                   0x00000d3c   Section        0  nixie.o(i.NVIC_ClearPendingIRQ)
    NVIC_ClearPendingIRQ                     0x00000d3d   Thumb Code    18  nixie.o(i.NVIC_ClearPendingIRQ)
    i.NVIC_DisableIRQ                        0x00000d54   Section        0  nixie.o(i.NVIC_DisableIRQ)
    NVIC_DisableIRQ                          0x00000d55   Thumb Code    18  nixie.o(i.NVIC_DisableIRQ)
    i.NVIC_EnableIRQ                         0x00000d6c   Section        0  nixie.o(i.NVIC_EnableIRQ)
    NVIC_EnableIRQ                           0x00000d6d   Thumb Code    18  nixie.o(i.NVIC_EnableIRQ)
    i.NVIC_SetPriority                       0x00000d84   Section        0  driver.o(i.NVIC_SetPriority)
    NVIC_SetPriority                         0x00000d85   Thumb Code   110  driver.o(i.NVIC_SetPriority)
    i.PININT0_IRQHandler                     0x00000dfc   Section        0  nixie.o(i.PININT0_IRQHandler)
    i.PININT1_IRQHandler                     0x00000eb8   Section        0  nixie.o(i.PININT1_IRQHandler)
    i.PININT3_IRQHandler                     0x00000f70   Section        0  nixie.o(i.PININT3_IRQHandler)
    i.RingBuffer_GetCount                    0x0000104c   Section        0  ring_buffer.o(i.RingBuffer_GetCount)
    RingBuffer_GetCount                      0x0000104d   Thumb Code    10  ring_buffer.o(i.RingBuffer_GetCount)
    i.RingBuffer_Init                        0x00001056   Section        0  ring_buffer.o(i.RingBuffer_Init)
    i.RingBuffer_Insert                      0x0000106a   Section        0  ring_buffer.o(i.RingBuffer_Insert)
    i.RingBuffer_InsertMult                  0x000010a2   Section        0  ring_buffer.o(i.RingBuffer_InsertMult)
    i.RingBuffer_IsEmpty                     0x00001160   Section        0  ring_buffer.o(i.RingBuffer_IsEmpty)
    RingBuffer_IsEmpty                       0x00001161   Thumb Code    18  ring_buffer.o(i.RingBuffer_IsEmpty)
    i.RingBuffer_IsFull                      0x00001172   Section        0  ring_buffer.o(i.RingBuffer_IsFull)
    RingBuffer_IsFull                        0x00001173   Thumb Code    24  ring_buffer.o(i.RingBuffer_IsFull)
    i.RingBuffer_Pop                         0x0000118a   Section        0  ring_buffer.o(i.RingBuffer_Pop)
    i.RingBuffer_PopMult                     0x000011c2   Section        0  ring_buffer.o(i.RingBuffer_PopMult)
    i.SysTick_Config_half                    0x0000127c   Section        0  driver.o(i.SysTick_Config_half)
    i.SysTick_Handler                        0x000012b0   Section        0  nixie.o(i.SysTick_Handler)
    i.SystemInit                             0x0000139c   Section        0  system_lpc8xx.o(i.SystemInit)
    i.UART0_IRQHandler                       0x00001480   Section        0  uart.o(i.UART0_IRQHandler)
    i.UART_commands_exec                     0x0000149c   Section        0  uart.o(i.UART_commands_exec)
    i.UART_init                              0x0000154c   Section        0  uart.o(i.UART_init)
    i.__ARM_common_switch8                   0x0000160c   Section        0  nixie.o(i.__ARM_common_switch8)
    i.board_init                             0x00001628   Section        0  driver.o(i.board_init)
    i.days_in_month                          0x000016f8   Section        0  driver.o(i.days_in_month)
    i.getUARTClockID                         0x00001744   Section        0  uart_8xx.o(i.getUARTClockID)
    getUARTClockID                           0x00001745   Thumb Code    26  uart_8xx.o(i.getUARTClockID)
    i.main                                   0x00001768   Section        0  nixie.o(i.main)
    i.roll                                   0x000018d0   Section        0  driver.o(i.roll)
    i.roll_numbers                           0x00001930   Section        0  driver.o(i.roll_numbers)
    i.set_number                             0x00001a44   Section        0  driver.o(i.set_number)
    i.setupMRT                               0x00001aa4   Section        0  driver.o(i.setupMRT)
    i.time_inc_dec                           0x00001b04   Section        0  driver.o(i.time_inc_dec)
    i.to_BCD                                 0x00001c1c   Section        0  driver.o(i.to_BCD)
    i.work_around_7442_4028                  0x00001c38   Section        0  driver.o(i.work_around_7442_4028)
    i.year_to_number                         0x00001c8e   Section        0  driver.o(i.year_to_number)
    .constdata                               0x00001c9c   Section        8  driver.o(.constdata)
    .constdata                               0x00001ca4   Section       64  clock_8xx.o(.constdata)
    wdtOSCRate                               0x00001ca4   Data          64  clock_8xx.o(.constdata)
    .data                                    0x10000000   Section       10  nixie.o(.data)
    .data                                    0x1000000a   Section        3  driver.o(.data)
    over_date                                0x1000000a   Data           1  driver.o(.data)
    over_time                                0x1000000b   Data           1  driver.o(.data)
    one_time_roll                            0x1000000c   Data           1  driver.o(.data)
    .bss                                     0x10000010   Section       14  nixie.o(.bss)
    .bss                                     0x10000020   Section      104  uart.o(.bss)
    rxring                                   0x10000020   Data          20  uart.o(.bss)
    txring                                   0x10000034   Data          20  uart.o(.bss)
    UART_data_RX                             0x10000048   Data          32  uart.o(.bss)
    UART_data_TX                             0x10000068   Data          32  uart.o(.bss)
    .bss                                     0x10000088   Section       96  libspace.o(.bss)
    HEAP                                     0x100000e8   Section        0  startup_lpc8xx.o(HEAP)
    STACK                                    0x100000e8   Section      512  startup_lpc8xx.o(STACK)
    Heap_Mem                                 0x100000e8   Data           0  startup_lpc8xx.o(HEAP)
    Stack_Mem                                0x100000e8   Data         512  startup_lpc8xx.o(STACK)
    __initial_sp                             0x100002e8   Data           0  startup_lpc8xx.o(STACK)

    Global Symbols

    Symbol Name                              Value     Ov Type        Size  Object(Section)

    BuildAttributes$$THM_ISAv3M$S$PE$A:L22$X:L11$S22$IEEE1$IW$USESV6$~STKCKD$USESV7$~SHL$OSPACE$ROPI$EBA8$UX$STANDARDLIB$REQ8$PRES8$EABIv2 0x00000000   Number         0  anon$$obj.o ABSOLUTE
    __ARM_use_no_argv                        0x00000000   Number         0  nixie.o ABSOLUTE
    __Vectors                                0x00000000   Data           4  startup_lpc8xx.o(RESET)
    __ARM_exceptions_init                     - Undefined Weak Reference
    __alloca_initialize                       - Undefined Weak Reference
    __arm_preinit_                            - Undefined Weak Reference
    __cpp_initialize__aeabi_                  - Undefined Weak Reference
    __cxa_finalize                            - Undefined Weak Reference
    __rt_locale                               - Undefined Weak Reference
    __sigvec_lookup                           - Undefined Weak Reference
    _atexit_init                              - Undefined Weak Reference
    _call_atexit_fns                          - Undefined Weak Reference
    _clock_init                               - Undefined Weak Reference
    _fp_trap_init                             - Undefined Weak Reference
    _fp_trap_shutdown                         - Undefined Weak Reference
    _get_lc_collate                           - Undefined Weak Reference
    _get_lc_ctype                             - Undefined Weak Reference
    _get_lc_monetary                          - Undefined Weak Reference
    _get_lc_numeric                           - Undefined Weak Reference
    _get_lc_time                              - Undefined Weak Reference
    _getenv_init                              - Undefined Weak Reference
    _handle_redirection                       - Undefined Weak Reference
    _init_alloc                               - Undefined Weak Reference
    _init_user_alloc                          - Undefined Weak Reference
    _initio                                   - Undefined Weak Reference
    _rand_init                                - Undefined Weak Reference
    _signal_finish                            - Undefined Weak Reference
    _signal_init                              - Undefined Weak Reference
    _terminate_alloc                          - Undefined Weak Reference
    _terminate_user_alloc                     - Undefined Weak Reference
    _terminateio                              - Undefined Weak Reference
    __main                                   0x000000c1   Thumb Code     8  __main.o(!!!main)
    __scatterload                            0x000000c9   Thumb Code     0  __scatter.o(!!!scatter)
    __scatterload_rt2                        0x000000c9   Thumb Code    52  __scatter.o(!!!scatter)
    __scatterload_rt2_thumb_only             0x000000c9   Thumb Code     0  __scatter.o(!!!scatter)
    __scatterload_null                       0x000000d9   Thumb Code     0  __scatter.o(!!!scatter)
    __scatterload_copy                       0x00000105   Thumb Code    26  __scatter_copy.o(!!handler_copy)
    __scatterload_zeroinit                   0x00000121   Thumb Code    28  __scatter_zi.o(!!handler_zi)
    __rt_lib_init                            0x0000013d   Thumb Code     0  libinit.o(.ARM.Collect$$libinit$$00000000)
    __rt_lib_init_alloca_1                   0x0000013f   Thumb Code     0  libinit2.o(.ARM.Collect$$libinit$$0000002E)
    __rt_lib_init_argv_1                     0x0000013f   Thumb Code     0  libinit2.o(.ARM.Collect$$libinit$$0000002C)
    __rt_lib_init_atexit_1                   0x0000013f   Thumb Code     0  libinit2.o(.ARM.Collect$$libinit$$0000001B)
    __rt_lib_init_clock_1                    0x0000013f   Thumb Code     0  libinit2.o(.ARM.Collect$$libinit$$00000021)
    __rt_lib_init_cpp_1                      0x0000013f   Thumb Code     0  libinit2.o(.ARM.Collect$$libinit$$00000032)
    __rt_lib_init_exceptions_1               0x0000013f   Thumb Code     0  libinit2.o(.ARM.Collect$$libinit$$00000030)
    __rt_lib_init_fp_1                       0x0000013f   Thumb Code     0  libinit2.o(.ARM.Collect$$libinit$$00000002)
    __rt_lib_init_fp_trap_1                  0x0000013f   Thumb Code     0  libinit2.o(.ARM.Collect$$libinit$$0000001F)
    __rt_lib_init_getenv_1                   0x0000013f   Thumb Code     0  libinit2.o(.ARM.Collect$$libinit$$00000023)
    __rt_lib_init_heap_1                     0x0000013f   Thumb Code     0  libinit2.o(.ARM.Collect$$libinit$$0000000A)
    __rt_lib_init_lc_collate_1               0x0000013f   Thumb Code     0  libinit2.o(.ARM.Collect$$libinit$$00000011)
    __rt_lib_init_lc_ctype_1                 0x0000013f   Thumb Code     0  libinit2.o(.ARM.Collect$$libinit$$00000013)
    __rt_lib_init_lc_monetary_1              0x0000013f   Thumb Code     0  libinit2.o(.ARM.Collect$$libinit$$00000015)
    __rt_lib_init_lc_numeric_1               0x0000013f   Thumb Code     0  libinit2.o(.ARM.Collect$$libinit$$00000017)
    __rt_lib_init_lc_time_1                  0x0000013f   Thumb Code     0  libinit2.o(.ARM.Collect$$libinit$$00000019)
    __rt_lib_init_preinit_1                  0x0000013f   Thumb Code     0  libinit2.o(.ARM.Collect$$libinit$$00000004)
    __rt_lib_init_rand_1                     0x0000013f   Thumb Code     0  libinit2.o(.ARM.Collect$$libinit$$0000000E)
    __rt_lib_init_return                     0x0000013f   Thumb Code     0  libinit2.o(.ARM.Collect$$libinit$$00000033)
    __rt_lib_init_signal_1                   0x0000013f   Thumb Code     0  libinit2.o(.ARM.Collect$$libinit$$0000001D)
    __rt_lib_init_stdio_1                    0x0000013f   Thumb Code     0  libinit2.o(.ARM.Collect$$libinit$$00000025)
    __rt_lib_init_user_alloc_1               0x0000013f   Thumb Code     0  libinit2.o(.ARM.Collect$$libinit$$0000000C)
    __rt_lib_shutdown                        0x00000141   Thumb Code     0  libshutdown.o(.ARM.Collect$$libshutdown$$00000000)
    __rt_lib_shutdown_cpp_1                  0x00000143   Thumb Code     0  libshutdown2.o(.ARM.Collect$$libshutdown$$00000002)
    __rt_lib_shutdown_fp_trap_1              0x00000143   Thumb Code     0  libshutdown2.o(.ARM.Collect$$libshutdown$$00000007)
    __rt_lib_shutdown_heap_1                 0x00000143   Thumb Code     0  libshutdown2.o(.ARM.Collect$$libshutdown$$0000000F)
    __rt_lib_shutdown_return                 0x00000143   Thumb Code     0  libshutdown2.o(.ARM.Collect$$libshutdown$$00000010)
    __rt_lib_shutdown_signal_1               0x00000143   Thumb Code     0  libshutdown2.o(.ARM.Collect$$libshutdown$$0000000A)
    __rt_lib_shutdown_stdio_1                0x00000143   Thumb Code     0  libshutdown2.o(.ARM.Collect$$libshutdown$$00000004)
    __rt_lib_shutdown_user_alloc_1           0x00000143   Thumb Code     0  libshutdown2.o(.ARM.Collect$$libshutdown$$0000000C)
    __rt_entry                               0x00000145   Thumb Code     0  __rtentry.o(.ARM.Collect$$rtentry$$00000000)
    __rt_entry_presh_1                       0x00000145   Thumb Code     0  __rtentry2.o(.ARM.Collect$$rtentry$$00000002)
    __rt_entry_sh                            0x00000145   Thumb Code     0  __rtentry4.o(.ARM.Collect$$rtentry$$00000004)
    __rt_entry_li                            0x0000014b   Thumb Code     0  __rtentry2.o(.ARM.Collect$$rtentry$$0000000A)
    __rt_entry_postsh_1                      0x0000014b   Thumb Code     0  __rtentry2.o(.ARM.Collect$$rtentry$$00000009)
    __rt_entry_main                          0x0000014f   Thumb Code     0  __rtentry2.o(.ARM.Collect$$rtentry$$0000000D)
    __rt_entry_postli_1                      0x0000014f   Thumb Code     0  __rtentry2.o(.ARM.Collect$$rtentry$$0000000C)
    __rt_exit                                0x00000157   Thumb Code     0  rtexit.o(.ARM.Collect$$rtexit$$00000000)
    __rt_exit_ls                             0x00000159   Thumb Code     0  rtexit2.o(.ARM.Collect$$rtexit$$00000003)
    __rt_exit_prels_1                        0x00000159   Thumb Code     0  rtexit2.o(.ARM.Collect$$rtexit$$00000002)
    __rt_exit_exit                           0x0000015d   Thumb Code     0  rtexit2.o(.ARM.Collect$$rtexit$$00000004)
    __aeabi_memcpy4                          0x00000165   Thumb Code    56  rt_memcpy.o(.emb_text)
    __aeabi_memcpy8                          0x00000165   Thumb Code     0  rt_memcpy.o(.emb_text)
    Reset_Handler                            0x0000019d   Thumb Code     8  startup_lpc8xx.o(.text)
    HardFault_Handler                        0x000001a5   Thumb Code     2  startup_lpc8xx.o(.text)
    SVC_Handler                              0x000001a7   Thumb Code     2  startup_lpc8xx.o(.text)
    PendSV_Handler                           0x000001a9   Thumb Code     2  startup_lpc8xx.o(.text)
    BOD_IRQHandler                           0x000001ad   Thumb Code     0  startup_lpc8xx.o(.text)
    CMP_IRQHandler                           0x000001ad   Thumb Code     0  startup_lpc8xx.o(.text)
    I2C_IRQHandler                           0x000001ad   Thumb Code     0  startup_lpc8xx.o(.text)
    NMI_Handler                              0x000001ad   Thumb Code     0  startup_lpc8xx.o(.text)
    PININT2_IRQHandler                       0x000001ad   Thumb Code     0  startup_lpc8xx.o(.text)
    PININT4_IRQHandler                       0x000001ad   Thumb Code     0  startup_lpc8xx.o(.text)
    PININT5_IRQHandler                       0x000001ad   Thumb Code     0  startup_lpc8xx.o(.text)
    PININT6_IRQHandler                       0x000001ad   Thumb Code     0  startup_lpc8xx.o(.text)
    PININT7_IRQHandler                       0x000001ad   Thumb Code     0  startup_lpc8xx.o(.text)
    SCT_IRQHandler                           0x000001ad   Thumb Code     0  startup_lpc8xx.o(.text)
    SPI0_IRQHandler                          0x000001ad   Thumb Code     0  startup_lpc8xx.o(.text)
    SPI1_IRQHandler                          0x000001ad   Thumb Code     0  startup_lpc8xx.o(.text)
    UART1_IRQHandler                         0x000001ad   Thumb Code     0  startup_lpc8xx.o(.text)
    UART2_IRQHandler                         0x000001ad   Thumb Code     0  startup_lpc8xx.o(.text)
    WDT_IRQHandler                           0x000001ad   Thumb Code     0  startup_lpc8xx.o(.text)
    WKT_IRQHandler                           0x000001ad   Thumb Code     0  startup_lpc8xx.o(.text)
    __user_initial_stackheap                 0x000001b1   Thumb Code     0  startup_lpc8xx.o(.text)
    __aeabi_lmul                             0x000001d1   Thumb Code    48  llmul.o(.text)
    _ll_mul                                  0x000001d1   Thumb Code     0  llmul.o(.text)
    __aeabi_memcpy                           0x00000201   Thumb Code   130  rt_memcpy.o(.text)
    __rt_memcpy                              0x00000201   Thumb Code     0  rt_memcpy.o(.text)
    __use_two_region_memory                  0x00000283   Thumb Code     2  heapauxi.o(.text)
    __rt_heap_escrow$2region                 0x00000285   Thumb Code     2  heapauxi.o(.text)
    __rt_heap_expand$2region                 0x00000287   Thumb Code     2  heapauxi.o(.text)
    __user_setup_stackheap                   0x00000289   Thumb Code    62  sys_stackheap_outer.o(.text)
    exit                                     0x000002c7   Thumb Code    16  exit.o(.text)
    __user_libspace                          0x000002d9   Thumb Code     8  libspace.o(.text)
    __user_perproc_libspace                  0x000002d9   Thumb Code     0  libspace.o(.text)
    __user_perthread_libspace                0x000002d9   Thumb Code     0  libspace.o(.text)
    _sys_exit                                0x000002e1   Thumb Code     8  sys_exit.o(.text)
    __I$use$semihosting                      0x000002ed   Thumb Code     0  use_no_semi.o(.text)
    __use_no_semihosting_swi                 0x000002ed   Thumb Code     2  use_no_semi.o(.text)
    __semihosting_library_function           0x000002ef   Thumb Code     0  indicate_semi.o(.text)
    __aeabi_uldivmod                         0x00000301   Thumb Code   258  lludiv.o(.text)
    _ll_udiv                                 0x00000301   Thumb Code     0  lludiv.o(.text)
    __aeabi_uidiv                            0x00000403   Thumb Code     0  aeabi_sdiv.o(.text)
    __aeabi_uidivmod                         0x00000403   Thumb Code    20  aeabi_sdiv.o(.text)
    __aeabi_idiv                             0x00000417   Thumb Code     0  aeabi_sdiv.o(.text)
    __aeabi_idivmod                          0x00000417   Thumb Code   326  aeabi_sdiv.o(.text)
    Chip_Clock_GetMainClockRate              0x00000575   Thumb Code    68  clock_8xx.o(i.Chip_Clock_GetMainClockRate)
    Chip_Clock_GetSystemClockRate            0x000005c1   Thumb Code    22  clock_8xx.o(i.Chip_Clock_GetSystemClockRate)
    Chip_Clock_GetSystemPLLInClockRate       0x000005dd   Thumb Code    58  clock_8xx.o(i.Chip_Clock_GetSystemPLLInClockRate)
    Chip_Clock_GetSystemPLLOutClockRate      0x00000629   Thumb Code    24  clock_8xx.o(i.Chip_Clock_GetSystemPLLOutClockRate)
    Chip_Clock_GetUSARTNBaseClockRate        0x00000645   Thumb Code   126  clock_8xx.o(i.Chip_Clock_GetUSARTNBaseClockRate)
    Chip_Clock_GetWDTOSCRate                 0x000006e9   Thumb Code    16  clock_8xx.o(i.Chip_Clock_GetWDTOSCRate)
    Chip_Clock_SetIOCONCLKDIV                0x000006fd   Thumb Code    14  clock_8xx.o(i.Chip_Clock_SetIOCONCLKDIV)
    Chip_Clock_SetUSARTNBaseClockRate        0x00000711   Thumb Code   146  clock_8xx.o(i.Chip_Clock_SetUSARTNBaseClockRate)
    Chip_IOCON_PinSetClockDivisor            0x000007db   Thumb Code    24  iocon_8xx.o(i.Chip_IOCON_PinSetClockDivisor)
    Chip_IOCON_PinSetSampleMode              0x000007f3   Thumb Code    24  iocon_8xx.o(i.Chip_IOCON_PinSetSampleMode)
    Chip_PININT_GetBitsliceConfig            0x0000082b   Thumb Code    36  nixie.o(i.Chip_PININT_GetBitsliceConfig)
    Chip_PININT_SetPatternMatchConfig        0x0000084f   Thumb Code    58  pinint_8xx.o(i.Chip_PININT_SetPatternMatchConfig)
    Chip_PININT_SetPatternMatchSrc           0x00000889   Thumb Code    38  pinint_8xx.o(i.Chip_PININT_SetPatternMatchSrc)
    Chip_SWM_MovablePinAssign                0x000008b1   Thumb Code    40  swm_8xx.o(i.Chip_SWM_MovablePinAssign)
    Chip_UART_IRQRBHandler                   0x00000939   Thumb Code    68  uart_8xx.o(i.Chip_UART_IRQRBHandler)
    Chip_UART_Init                           0x0000097d   Thumb Code    68  uart_8xx.o(i.Chip_UART_Init)
    Chip_UART_RXIntHandlerRB                 0x000009d1   Thumb Code    42  uart_8xx.o(i.Chip_UART_RXIntHandlerRB)
    Chip_UART_ReadRB                         0x000009fb   Thumb Code    22  uart_8xx.o(i.Chip_UART_ReadRB)
    Chip_UART_SendRB                         0x00000a15   Thumb Code    66  uart_8xx.o(i.Chip_UART_SendRB)
    Chip_UART_SetBaud                        0x00000a57   Thumb Code    26  uart_8xx.o(i.Chip_UART_SetBaud)
    Chip_UART_TXIntHandlerRB                 0x00000a71   Thumb Code    46  uart_8xx.o(i.Chip_UART_TXIntHandlerRB)
    MRT_IRQHandler                           0x00000aa1   Thumb Code   632  nixie.o(i.MRT_IRQHandler)
    PININT0_IRQHandler                       0x00000dfd   Thumb Code   162  nixie.o(i.PININT0_IRQHandler)
    PININT1_IRQHandler                       0x00000eb9   Thumb Code   160  nixie.o(i.PININT1_IRQHandler)
    PININT3_IRQHandler                       0x00000f71   Thumb Code   208  nixie.o(i.PININT3_IRQHandler)
    RingBuffer_Init                          0x00001057   Thumb Code    20  ring_buffer.o(i.RingBuffer_Init)
    RingBuffer_Insert                        0x0000106b   Thumb Code    56  ring_buffer.o(i.RingBuffer_Insert)
    RingBuffer_InsertMult                    0x000010a3   Thumb Code   190  ring_buffer.o(i.RingBuffer_InsertMult)
    RingBuffer_Pop                           0x0000118b   Thumb Code    56  ring_buffer.o(i.RingBuffer_Pop)
    RingBuffer_PopMult                       0x000011c3   Thumb Code   186  ring_buffer.o(i.RingBuffer_PopMult)
    SysTick_Config_half                      0x0000127d   Thumb Code    44  driver.o(i.SysTick_Config_half)
    SysTick_Handler                          0x000012b1   Thumb Code   218  nixie.o(i.SysTick_Handler)
    SystemInit                               0x0000139d   Thumb Code   208  system_lpc8xx.o(i.SystemInit)
    UART0_IRQHandler                         0x00001481   Thumb Code    14  uart.o(i.UART0_IRQHandler)
    UART_commands_exec                       0x0000149d   Thumb Code   162  uart.o(i.UART_commands_exec)
    UART_init                                0x0000154d   Thumb Code   154  uart.o(i.UART_init)
    __ARM_common_switch8                     0x0000160d   Thumb Code    28  nixie.o(i.__ARM_common_switch8)
    board_init                               0x00001629   Thumb Code   190  driver.o(i.board_init)
    days_in_month                            0x000016f9   Thumb Code    76  driver.o(i.days_in_month)
    main                                     0x00001769   Thumb Code   336  nixie.o(i.main)
    roll                                     0x000018d1   Thumb Code    94  driver.o(i.roll)
    roll_numbers                             0x00001931   Thumb Code   264  driver.o(i.roll_numbers)
    set_number                               0x00001a45   Thumb Code    94  driver.o(i.set_number)
    setupMRT                                 0x00001aa5   Thumb Code    92  driver.o(i.setupMRT)
    time_inc_dec                             0x00001b05   Thumb Code   280  driver.o(i.time_inc_dec)
    to_BCD                                   0x00001c1d   Thumb Code    28  driver.o(i.to_BCD)
    work_around_7442_4028                    0x00001c39   Thumb Code    86  driver.o(i.work_around_7442_4028)
    year_to_number                           0x00001c8f   Thumb Code    12  driver.o(i.year_to_number)
    OscRateIn                                0x00001c9c   Data           4  driver.o(.constdata)
    ExtRateIn                                0x00001ca0   Data           4  driver.o(.constdata)
    Region$$Table$$Base                      0x00001ce4   Number         0  anon$$obj.o(Region$$Table)
    Region$$Table$$Limit                     0x00001d04   Number         0  anon$$obj.o(Region$$Table)
    anode_ON                                 0x10000000   Data           1  nixie.o(.data)
    set_mode                                 0x10000001   Data           1  nixie.o(.data)
    to_display                               0x10000002   Data           4  nixie.o(.data)
    blink                                    0x10000006   Data           1  nixie.o(.data)
    set_value                                0x10000007   Data           1  nixie.o(.data)
    leave_set_mode                           0x10000008   Data           1  nixie.o(.data)
    turn_anode_on                            0x10000009   Data           1  nixie.o(.data)
    my_time                                  0x10000010   Data          14  nixie.o(.bss)
    __libspace_start                         0x10000088   Data          96  libspace.o(.bss)
    __temporary_stack_top$libspace           0x100000e8   Data           0  libspace.o(.bss)



==============================================================================

Memory Map of the image

  Image Entry point : 0x0000019d

  Load Region LR_1 (Base: 0x00000000, Size: 0x00001d14, Max: 0xffffffff, ABSOLUTE)

    Execution Region ER_RO (Base: 0x00000000, Size: 0x00001d04, Max: 0xffffffff, ABSOLUTE)

    Base Addr    Size         Type   Attr      Idx    E Section Name        Object

    0x00000000   0x000000c0   Data   RO          422    RESET               startup_lpc8xx.o
    0x000000c0   0x00000008   Code   RO         1020  * !!!main             c_p.l(__main.o)
    0x000000c8   0x0000003c   Code   RO         1193    !!!scatter          c_p.l(__scatter.o)
    0x00000104   0x0000001a   Code   RO         1195    !!handler_copy      c_p.l(__scatter_copy.o)
    0x0000011e   0x00000002   PAD
    0x00000120   0x0000001c   Code   RO         1197    !!handler_zi        c_p.l(__scatter_zi.o)
    0x0000013c   0x00000002   Code   RO         1062    .ARM.Collect$$libinit$$00000000  c_p.l(libinit.o)
    0x0000013e   0x00000000   Code   RO         1076    .ARM.Collect$$libinit$$00000002  c_p.l(libinit2.o)
    0x0000013e   0x00000000   Code   RO         1078    .ARM.Collect$$libinit$$00000004  c_p.l(libinit2.o)
    0x0000013e   0x00000000   Code   RO         1081    .ARM.Collect$$libinit$$0000000A  c_p.l(libinit2.o)
    0x0000013e   0x00000000   Code   RO         1083    .ARM.Collect$$libinit$$0000000C  c_p.l(libinit2.o)
    0x0000013e   0x00000000   Code   RO         1085    .ARM.Collect$$libinit$$0000000E  c_p.l(libinit2.o)
    0x0000013e   0x00000000   Code   RO         1088    .ARM.Collect$$libinit$$00000011  c_p.l(libinit2.o)
    0x0000013e   0x00000000   Code   RO         1090    .ARM.Collect$$libinit$$00000013  c_p.l(libinit2.o)
    0x0000013e   0x00000000   Code   RO         1092    .ARM.Collect$$libinit$$00000015  c_p.l(libinit2.o)
    0x0000013e   0x00000000   Code   RO         1094    .ARM.Collect$$libinit$$00000017  c_p.l(libinit2.o)
    0x0000013e   0x00000000   Code   RO         1096    .ARM.Collect$$libinit$$00000019  c_p.l(libinit2.o)
    0x0000013e   0x00000000   Code   RO         1098    .ARM.Collect$$libinit$$0000001B  c_p.l(libinit2.o)
    0x0000013e   0x00000000   Code   RO         1100    .ARM.Collect$$libinit$$0000001D  c_p.l(libinit2.o)
    0x0000013e   0x00000000   Code   RO         1102    .ARM.Collect$$libinit$$0000001F  c_p.l(libinit2.o)
    0x0000013e   0x00000000   Code   RO         1104    .ARM.Collect$$libinit$$00000021  c_p.l(libinit2.o)
    0x0000013e   0x00000000   Code   RO         1106    .ARM.Collect$$libinit$$00000023  c_p.l(libinit2.o)
    0x0000013e   0x00000000   Code   RO         1108    .ARM.Collect$$libinit$$00000025  c_p.l(libinit2.o)
    0x0000013e   0x00000000   Code   RO         1112    .ARM.Collect$$libinit$$0000002C  c_p.l(libinit2.o)
    0x0000013e   0x00000000   Code   RO         1114    .ARM.Collect$$libinit$$0000002E  c_p.l(libinit2.o)
    0x0000013e   0x00000000   Code   RO         1116    .ARM.Collect$$libinit$$00000030  c_p.l(libinit2.o)
    0x0000013e   0x00000000   Code   RO         1118    .ARM.Collect$$libinit$$00000032  c_p.l(libinit2.o)
    0x0000013e   0x00000002   Code   RO         1119    .ARM.Collect$$libinit$$00000033  c_p.l(libinit2.o)
    0x00000140   0x00000002   Code   RO         1150    .ARM.Collect$$libshutdown$$00000000  c_p.l(libshutdown.o)
    0x00000142   0x00000000   Code   RO         1176    .ARM.Collect$$libshutdown$$00000002  c_p.l(libshutdown2.o)
    0x00000142   0x00000000   Code   RO         1178    .ARM.Collect$$libshutdown$$00000004  c_p.l(libshutdown2.o)
    0x00000142   0x00000000   Code   RO         1181    .ARM.Collect$$libshutdown$$00000007  c_p.l(libshutdown2.o)
    0x00000142   0x00000000   Code   RO         1184    .ARM.Collect$$libshutdown$$0000000A  c_p.l(libshutdown2.o)
    0x00000142   0x00000000   Code   RO         1186    .ARM.Collect$$libshutdown$$0000000C  c_p.l(libshutdown2.o)
    0x00000142   0x00000000   Code   RO         1189    .ARM.Collect$$libshutdown$$0000000F  c_p.l(libshutdown2.o)
    0x00000142   0x00000002   Code   RO         1190    .ARM.Collect$$libshutdown$$00000010  c_p.l(libshutdown2.o)
    0x00000144   0x00000000   Code   RO         1022    .ARM.Collect$$rtentry$$00000000  c_p.l(__rtentry.o)
    0x00000144   0x00000000   Code   RO         1032    .ARM.Collect$$rtentry$$00000002  c_p.l(__rtentry2.o)
    0x00000144   0x00000006   Code   RO         1044    .ARM.Collect$$rtentry$$00000004  c_p.l(__rtentry4.o)
    0x0000014a   0x00000000   Code   RO         1034    .ARM.Collect$$rtentry$$00000009  c_p.l(__rtentry2.o)
    0x0000014a   0x00000004   Code   RO         1035    .ARM.Collect$$rtentry$$0000000A  c_p.l(__rtentry2.o)
    0x0000014e   0x00000000   Code   RO         1037    .ARM.Collect$$rtentry$$0000000C  c_p.l(__rtentry2.o)
    0x0000014e   0x00000008   Code   RO         1038    .ARM.Collect$$rtentry$$0000000D  c_p.l(__rtentry2.o)
    0x00000156   0x00000002   Code   RO         1067    .ARM.Collect$$rtexit$$00000000  c_p.l(rtexit.o)
    0x00000158   0x00000000   Code   RO         1123    .ARM.Collect$$rtexit$$00000002  c_p.l(rtexit2.o)
    0x00000158   0x00000004   Code   RO         1124    .ARM.Collect$$rtexit$$00000003  c_p.l(rtexit2.o)
    0x0000015c   0x00000006   Code   RO         1125    .ARM.Collect$$rtexit$$00000004  c_p.l(rtexit2.o)
    0x00000162   0x00000002   PAD
    0x00000164   0x00000038   Code   RO         1010    .emb_text           c_p.l(rt_memcpy.o)
    0x0000019c   0x00000034   Code   RO          424  * .text               startup_lpc8xx.o
    0x000001d0   0x00000030   Code   RO         1006    .text               c_p.l(llmul.o)
    0x00000200   0x00000082   Code   RO         1011    .text               c_p.l(rt_memcpy.o)
    0x00000282   0x00000006   Code   RO         1018    .text               c_p.l(heapauxi.o)
    0x00000288   0x0000003e   Code   RO         1048    .text               c_p.l(sys_stackheap_outer.o)
    0x000002c6   0x00000010   Code   RO         1051    .text               c_p.l(exit.o)
    0x000002d6   0x00000002   PAD
    0x000002d8   0x00000008   Code   RO         1063    .text               c_p.l(libspace.o)
    0x000002e0   0x0000000c   Code   RO         1120    .text               c_p.l(sys_exit.o)
    0x000002ec   0x00000002   Code   RO         1139    .text               c_p.l(use_no_semi.o)
    0x000002ee   0x00000000   Code   RO         1141    .text               c_p.l(indicate_semi.o)
    0x000002ee   0x0000000e   Code   RO          469    i.Chip_Clock_GetPLLFreq  chip_8xx_lib.lib(clock_8xx.o)
    0x000002fc   0x00000004   Code   RO          423    .ARM.__at_0x02FC    startup_lpc8xx.o
    0x00000300   0x00000102   Code   RO         1008    .text               c_p.l(lludiv.o)
    0x00000402   0x0000015a   Code   RO         1014    .text               c_p.l(aeabi_sdiv.o)
    0x0000055c   0x00000018   Code   RO            3    i.Chip_Clock_EnablePeriphClock  nixie.o
    0x00000574   0x0000004c   Code   RO          468    i.Chip_Clock_GetMainClockRate  chip_8xx_lib.lib(clock_8xx.o)
    0x000005c0   0x0000001c   Code   RO          470    i.Chip_Clock_GetSystemClockRate  chip_8xx_lib.lib(clock_8xx.o)
    0x000005dc   0x0000004c   Code   RO          471    i.Chip_Clock_GetSystemPLLInClockRate  chip_8xx_lib.lib(clock_8xx.o)
    0x00000628   0x0000001c   Code   RO          472    i.Chip_Clock_GetSystemPLLOutClockRate  chip_8xx_lib.lib(clock_8xx.o)
    0x00000644   0x00000084   Code   RO          473    i.Chip_Clock_GetUSARTNBaseClockRate  chip_8xx_lib.lib(clock_8xx.o)
    0x000006c8   0x00000020   Code   RO          474    i.Chip_Clock_GetWDTLFORate  chip_8xx_lib.lib(clock_8xx.o)
    0x000006e8   0x00000014   Code   RO          475    i.Chip_Clock_GetWDTOSCRate  chip_8xx_lib.lib(clock_8xx.o)
    0x000006fc   0x00000014   Code   RO          477    i.Chip_Clock_SetIOCONCLKDIV  chip_8xx_lib.lib(clock_8xx.o)
    0x00000710   0x0000009c   Code   RO          481    i.Chip_Clock_SetUSARTNBaseClockRate  chip_8xx_lib.lib(clock_8xx.o)
    0x000007ac   0x00000012   Code   RO            4    i.Chip_GPIO_SetPinOutHigh  nixie.o
    0x000007be   0x00000012   Code   RO            5    i.Chip_GPIO_SetPinOutLow  nixie.o
    0x000007d0   0x0000000a   Code   RO          251    i.Chip_GPIO_SetPinState  driver.o
    0x000007da   0x00000018   Code   RO          697    i.Chip_IOCON_PinSetClockDivisor  chip_8xx_lib.lib(iocon_8xx.o)
    0x000007f2   0x00000018   Code   RO          703    i.Chip_IOCON_PinSetSampleMode  chip_8xx_lib.lib(iocon_8xx.o)
    0x0000080a   0x00000002   PAD
    0x0000080c   0x00000010   Code   RO            6    i.Chip_MRT_GetRegPtr  nixie.o
    0x0000081c   0x0000000a   Code   RO            7    i.Chip_MRT_SetDisabled  nixie.o
    0x00000826   0x00000004   Code   RO            8    i.Chip_MRT_SetInterval  nixie.o
    0x0000082a   0x00000024   Code   RO            9    i.Chip_PININT_GetBitsliceConfig  nixie.o
    0x0000084e   0x0000003a   Code   RO          768    i.Chip_PININT_SetPatternMatchConfig  chip_8xx_lib.lib(pinint_8xx.o)
    0x00000888   0x00000026   Code   RO          769    i.Chip_PININT_SetPatternMatchSrc  chip_8xx_lib.lib(pinint_8xx.o)
    0x000008ae   0x00000002   PAD
    0x000008b0   0x0000002c   Code   RO          795    i.Chip_SWM_MovablePinAssign  chip_8xx_lib.lib(swm_8xx.o)
    0x000008dc   0x00000034   Code   RO          823    i.Chip_SYSCTL_PeriphReset  chip_8xx_lib.lib(uart_8xx.o)
    0x00000910   0x0000000c   Code   RO           10    i.Chip_SYSCTL_SetPinInterrupt  nixie.o
    0x0000091c   0x0000000c   Code   RO          482    i.Chip_SYSCTL_SetUSARTFRGDivider  chip_8xx_lib.lib(clock_8xx.o)
    0x00000928   0x00000010   Code   RO          825    i.Chip_UART_GetStatus  chip_8xx_lib.lib(uart_8xx.o)
    0x00000938   0x00000044   Code   RO          826    i.Chip_UART_IRQRBHandler  chip_8xx_lib.lib(uart_8xx.o)
    0x0000097c   0x00000050   Code   RO          827    i.Chip_UART_Init    chip_8xx_lib.lib(uart_8xx.o)
    0x000009cc   0x00000004   Code   RO          828    i.Chip_UART_IntDisable  chip_8xx_lib.lib(uart_8xx.o)
    0x000009d0   0x0000002a   Code   RO          829    i.Chip_UART_RXIntHandlerRB  chip_8xx_lib.lib(uart_8xx.o)
    0x000009fa   0x00000016   Code   RO          832    i.Chip_UART_ReadRB  chip_8xx_lib.lib(uart_8xx.o)
    0x00000a10   0x00000004   Code   RO          835    i.Chip_UART_SendByte  chip_8xx_lib.lib(uart_8xx.o)
    0x00000a14   0x00000042   Code   RO          836    i.Chip_UART_SendRB  chip_8xx_lib.lib(uart_8xx.o)
    0x00000a56   0x0000001a   Code   RO          837    i.Chip_UART_SetBaud  chip_8xx_lib.lib(uart_8xx.o)
    0x00000a70   0x0000002e   Code   RO          838    i.Chip_UART_TXIntHandlerRB  chip_8xx_lib.lib(uart_8xx.o)
    0x00000a9e   0x00000002   PAD
    0x00000aa0   0x0000029c   Code   RO           11    i.MRT_IRQHandler    nixie.o
    0x00000d3c   0x00000018   Code   RO           12    i.NVIC_ClearPendingIRQ  nixie.o
    0x00000d54   0x00000018   Code   RO           13    i.NVIC_DisableIRQ   nixie.o
    0x00000d6c   0x00000018   Code   RO           14    i.NVIC_EnableIRQ    nixie.o
    0x00000d84   0x00000078   Code   RO          252    i.NVIC_SetPriority  driver.o
    0x00000dfc   0x000000bc   Code   RO           15    i.PININT0_IRQHandler  nixie.o
    0x00000eb8   0x000000b8   Code   RO           16    i.PININT1_IRQHandler  nixie.o
    0x00000f70   0x000000dc   Code   RO           17    i.PININT3_IRQHandler  nixie.o
    0x0000104c   0x0000000a   Code   RO          944    i.RingBuffer_GetCount  chip_8xx_lib.lib(ring_buffer.o)
    0x00001056   0x00000014   Code   RO          945    i.RingBuffer_Init   chip_8xx_lib.lib(ring_buffer.o)
    0x0000106a   0x00000038   Code   RO          946    i.RingBuffer_Insert  chip_8xx_lib.lib(ring_buffer.o)
    0x000010a2   0x000000be   Code   RO          947    i.RingBuffer_InsertMult  chip_8xx_lib.lib(ring_buffer.o)
    0x00001160   0x00000012   Code   RO          948    i.RingBuffer_IsEmpty  chip_8xx_lib.lib(ring_buffer.o)
    0x00001172   0x00000018   Code   RO          949    i.RingBuffer_IsFull  chip_8xx_lib.lib(ring_buffer.o)
    0x0000118a   0x00000038   Code   RO          950    i.RingBuffer_Pop    chip_8xx_lib.lib(ring_buffer.o)
    0x000011c2   0x000000ba   Code   RO          951    i.RingBuffer_PopMult  chip_8xx_lib.lib(ring_buffer.o)
    0x0000127c   0x00000034   Code   RO          253    i.SysTick_Config_half  driver.o
    0x000012b0   0x000000ec   Code   RO           18    i.SysTick_Handler   nixie.o
    0x0000139c   0x000000e4   Code   RO          433    i.SystemInit        system_lpc8xx.o
    0x00001480   0x0000001c   Code   RO          370    i.UART0_IRQHandler  uart.o
    0x0000149c   0x000000b0   Code   RO          371    i.UART_commands_exec  uart.o
    0x0000154c   0x000000c0   Code   RO          372    i.UART_init         uart.o
    0x0000160c   0x0000001c   Code   RO          109    i.__ARM_common_switch8  nixie.o
    0x00001628   0x000000d0   Code   RO          254    i.board_init        driver.o
    0x000016f8   0x0000004c   Code   RO          255    i.days_in_month     driver.o
    0x00001744   0x00000024   Code   RO          839    i.getUARTClockID    chip_8xx_lib.lib(uart_8xx.o)
    0x00001768   0x00000168   Code   RO           19    i.main              nixie.o
    0x000018d0   0x0000005e   Code   RO          256    i.roll              driver.o
    0x0000192e   0x00000002   PAD
    0x00001930   0x00000114   Code   RO          257    i.roll_numbers      driver.o
    0x00001a44   0x0000005e   Code   RO          258    i.set_number        driver.o
    0x00001aa2   0x00000002   PAD
    0x00001aa4   0x00000060   Code   RO          259    i.setupMRT          driver.o
    0x00001b04   0x00000118   Code   RO          260    i.time_inc_dec      driver.o
    0x00001c1c   0x0000001c   Code   RO          261    i.to_BCD            driver.o
    0x00001c38   0x00000056   Code   RO          262    i.work_around_7442_4028  driver.o
    0x00001c8e   0x0000000c   Code   RO          263    i.year_to_number    driver.o
    0x00001c9a   0x00000002   PAD
    0x00001c9c   0x00000008   Data   RO          264    .constdata          driver.o
    0x00001ca4   0x00000040   Data   RO          483    .constdata          chip_8xx_lib.lib(clock_8xx.o)
    0x00001ce4   0x00000020   Data   RO         1191    Region$$Table       anon$$obj.o


    Execution Region ER_RW (Base: 0x10000000, Size: 0x00000010, Max: 0xffffffff, ABSOLUTE)

    Base Addr    Size         Type   Attr      Idx    E Section Name        Object

    0x10000000   0x0000000a   Data   RW           21    .data               nixie.o
    0x1000000a   0x00000003   Data   RW          265    .data               driver.o


    Execution Region ER_ZI (Base: 0x10000010, Size: 0x000002d8, Max: 0xffffffff, ABSOLUTE)

    Base Addr    Size         Type   Attr      Idx    E Section Name        Object

    0x10000010   0x0000000e   Zero   RW           20    .bss                nixie.o
    0x1000001e   0x00000002   PAD
    0x10000020   0x00000068   Zero   RW          373    .bss                uart.o
    0x10000088   0x00000060   Zero   RW         1064    .bss                c_p.l(libspace.o)
    0x100000e8   0x00000000   Zero   RW          421    HEAP                startup_lpc8xx.o
    0x100000e8   0x00000200   Zero   RW          420    STACK               startup_lpc8xx.o


==============================================================================

Image component sizes


      Code (inc. data)   RO Data    RW Data    ZI Data      Debug   Object Name

      1432         72          8          3          0      21940   driver.o
      2094        188          0         10         14      40053   nixie.o
        56         28        192          0        512        788   startup_lpc8xx.o
       228         20          0          0          0        569   system_lpc8xx.o
       396         66          0          0        104      16060   uart.o

    ----------------------------------------------------------------------
      4212        374        232         16        632      79410   Object Totals
         0          0         32          0          0          0   (incl. Generated)
         6          0          0          3          2          0   (incl. Padding)

    ----------------------------------------------------------------------

      Code (inc. data)   RO Data    RW Data    ZI Data      Debug   Library Member Name

         8          0          0          0          0         68   __main.o
         0          0          0          0          0          0   __rtentry.o
        12          0          0          0          0          0   __rtentry2.o
         6          0          0          0          0          0   __rtentry4.o
        60          8          0          0          0          0   __scatter.o
        26          0          0          0          0          0   __scatter_copy.o
        28          0          0          0          0          0   __scatter_zi.o
       346          0          0          0          0         92   aeabi_sdiv.o
        16          0          0          0          0         68   exit.o
         6          0          0          0          0        136   heapauxi.o
         0          0          0          0          0          0   indicate_semi.o
         2          0          0          0          0          0   libinit.o
         2          0          0          0          0          0   libinit2.o
         2          0          0          0          0          0   libshutdown.o
         2          0          0          0          0          0   libshutdown2.o
         8          4          0          0         96         68   libspace.o
        48          0          0          0          0         72   llmul.o
       258          0          0          0          0         88   lludiv.o
       186          0          0          0          0        144   rt_memcpy.o
         2          0          0          0          0          0   rtexit.o
        10          0          0          0          0          0   rtexit2.o
        12          4          0          0          0         60   sys_exit.o
        62          0          0          0          0         80   sys_stackheap_outer.o
         2          0          0          0          0         68   use_no_semi.o
       594         72         64          0          0      22152   clock_8xx.o
        48          0          0          0          0       9086   iocon_8xx.o
        96          0          0          0          0       1385   pinint_8xx.o
       560          0          0          0          0       6676   ring_buffer.o
        44          4          0          0          0       2180   swm_8xx.o
       462         36          0          0          0      20142   uart_8xx.o

    ----------------------------------------------------------------------
      2920        128         64          0         96      62565   Library Totals
        12          0          0          0          0          0   (incl. Padding)

    ----------------------------------------------------------------------

      Code (inc. data)   RO Data    RW Data    ZI Data      Debug   Library Name

      1104         16          0          0         96        944   c_p.l
      1804        112         64          0          0      61621   chip_8xx_lib.lib

    ----------------------------------------------------------------------
      2920        128         64          0         96      62565   Library Totals

    ----------------------------------------------------------------------

==============================================================================


      Code (inc. data)   RO Data    RW Data    ZI Data      Debug   

      7132        502        296         16        728     138655   Grand Totals
      7132        502        296         16        728     138655   ELF Image Totals
      7132        502        296         16          0          0   ROM Totals

==============================================================================

    Total RO  Size (Code + RO Data)                 7428 (   7.25kB)
    Total RW  Size (RW Data + ZI Data)               744 (   0.73kB)
    Total ROM Size (Code + RO Data + RW Data)       7444 (   7.27kB)

==============================================================================

